Component: ARM Compiler 5.06 update 1 (build 61) Tool: armlink [4d35a8]

==============================================================================

Section Cross References

    main.o(i.SystemClock_Config) refers to stm32f7xx_hal_rcc.o(i.HAL_RCC_OscConfig) for HAL_RCC_OscConfig
    main.o(i.SystemClock_Config) refers to stm32f7xx_hal_rcc.o(i.HAL_RCC_ClockConfig) for HAL_RCC_ClockConfig
    main.o(i.main) refers to stm32f7xx_hal.o(i.HAL_Init) for HAL_Init
    main.o(i.main) refers to main.o(i.SystemClock_Config) for SystemClock_Config
    main.o(i.main) refers to gui_utility.o(i.initializePins) for initializePins
    main.o(i.main) refers to glcd_746g_discovery.o(i.GLCD_Initialize) for GLCD_Initialize
    main.o(i.main) refers to touch_746g_discovery.o(i.Touch_Initialize) for Touch_Initialize
    main.o(i.main) refers to gui_utility.o(i.ConfigureADC) for ConfigureADC
    main.o(i.main) refers to glcd_746g_discovery.o(i.GLCD_SetFont) for GLCD_SetFont
    main.o(i.main) refers to glcd_746g_discovery.o(i.GLCD_SetForegroundColor) for GLCD_SetForegroundColor
    main.o(i.main) refers to strcmpv7m_pel.o(.text) for strcmp
    main.o(i.main) refers to glcd_746g_discovery.o(i.GLCD_SetBackgroundColor) for GLCD_SetBackgroundColor
    main.o(i.main) refers to glcd_746g_discovery.o(i.GLCD_ClearScreen) for GLCD_ClearScreen
    main.o(i.main) refers to gui_utility.o(i.drawHomePage) for drawHomePage
    main.o(i.main) refers to gui_utility.o(i.drawManualPage) for drawManualPage
    main.o(i.main) refers to glcd_fonts.o(.constdata) for GLCD_Font_16x24
    gui_utility.o(i.ConfigureADC) refers to stm32f7xx_hal_cortex.o(i.HAL_NVIC_SetPriority) for HAL_NVIC_SetPriority
    gui_utility.o(i.ConfigureADC) refers to stm32f7xx_hal_cortex.o(i.HAL_NVIC_EnableIRQ) for HAL_NVIC_EnableIRQ
    gui_utility.o(i.ConfigureADC) refers to stm32f7xx_hal_adc.o(i.HAL_ADC_Init) for HAL_ADC_Init
    gui_utility.o(i.ConfigureADC) refers to gui_utility.o(.bss) for g_AdcHandle
    gui_utility.o(i.DHT11Start) refers to stm32f7xx_hal_gpio.o(i.HAL_GPIO_Init) for HAL_GPIO_Init
    gui_utility.o(i.DHT11Start) refers to stm32f7xx_hal_gpio.o(i.HAL_GPIO_WritePin) for HAL_GPIO_WritePin
    gui_utility.o(i.DHT11Start) refers to gui_utility.o(i.DWT_Delay_us) for DWT_Delay_us
    gui_utility.o(i.DWT_Delay_us) refers to stm32f7xx_hal_rcc.o(i.HAL_RCC_GetHCLKFreq) for HAL_RCC_GetHCLKFreq
    gui_utility.o(i.HAL_GetTick) refers to rt_time.o(.data) for os_time
    gui_utility.o(i.app_checkProgram) refers to stm32f7xx_hal_gpio.o(i.HAL_GPIO_WritePin) for HAL_GPIO_WritePin
    gui_utility.o(i.app_checkProgram) refers to glcd_746g_discovery.o(i.GLCD_DrawString) for GLCD_DrawString
    gui_utility.o(i.app_checkProgram) refers to gui_utility.o(i.buzz) for buzz
    gui_utility.o(i.app_clockTicToc) refers to gui_utility.o(i.HAL_GetTick) for HAL_GetTick
    gui_utility.o(i.app_clockTicToc) refers to gui_utility.o(i.app_drawClock) for app_drawClock
    gui_utility.o(i.app_clockTicToc) refers to gui_utility.o(.data) for clock
    gui_utility.o(i.app_closeDoor) refers to _printf_percent.o(.ARM.Collect$$_printf_percent$$00000000) for _printf_percent
    gui_utility.o(i.app_closeDoor) refers to _printf_d.o(.ARM.Collect$$_printf_percent$$00000009) for _printf_d
    gui_utility.o(i.app_closeDoor) refers to _printf_dec.o(.text) for _printf_int_dec
    gui_utility.o(i.app_closeDoor) refers to stm32f7xx_hal_adc.o(i.HAL_ADC_ConfigChannel) for HAL_ADC_ConfigChannel
    gui_utility.o(i.app_closeDoor) refers to stm32f7xx_hal_adc.o(i.HAL_ADC_Start) for HAL_ADC_Start
    gui_utility.o(i.app_closeDoor) refers to stm32f7xx_hal_adc.o(i.HAL_ADC_GetValue) for HAL_ADC_GetValue
    gui_utility.o(i.app_closeDoor) refers to noretval__2sprintf.o(.text) for __2sprintf
    gui_utility.o(i.app_closeDoor) refers to glcd_746g_discovery.o(i.GLCD_DrawString) for GLCD_DrawString
    gui_utility.o(i.app_closeDoor) refers to stm32f7xx_hal_gpio.o(i.HAL_GPIO_WritePin) for HAL_GPIO_WritePin
    gui_utility.o(i.app_closeDoor) refers to gui_utility.o(i.milDelay) for milDelay
    gui_utility.o(i.app_closeDoor) refers to gui_utility.o(.bss) for g_AdcHandle
    gui_utility.o(i.app_drawBargraph) refers to glcd_746g_discovery.o(i.GLCD_SetBackgroundColor) for GLCD_SetBackgroundColor
    gui_utility.o(i.app_drawBargraph) refers to glcd_746g_discovery.o(i.GLCD_DrawBargraph) for GLCD_DrawBargraph
    gui_utility.o(i.app_drawBargraph) refers to glcd_746g_discovery.o(i.GLCD_SetFont) for GLCD_SetFont
    gui_utility.o(i.app_drawBargraph) refers to glcd_746g_discovery.o(i.GLCD_DrawString) for GLCD_DrawString
    gui_utility.o(i.app_drawBargraph) refers to glcd_fonts.o(.constdata) for GLCD_Font_6x8
    gui_utility.o(i.app_drawButton) refers to glcd_746g_discovery.o(i.GLCD_DrawBargraph) for GLCD_DrawBargraph
    gui_utility.o(i.app_drawButton) refers to glcd_746g_discovery.o(i.GLCD_DrawString) for GLCD_DrawString
[...]
    .bss                                     0x20010628   Section     7216  rtx_conf_cm.o(.bss)
    std_libspace                             0x20011f38   Data         672  rtx_conf_cm.o(.bss)
    std_libmutex                             0x200121d8   Data         128  rtx_conf_cm.o(.bss)
    .bss                                     0x20012258   Section       52  rt_task.o(.bss)
    .bss                                     0x2001228c   Section       48  rt_list.o(.bss)
    .bss                                     0x200122bc   Section       96  libspace.o(.bss)
    HEAP                                     0x20012320   Section      512  startup_stm32f746xx.o(HEAP)
    Heap_Mem                                 0x20012320   Data         512  startup_stm32f746xx.o(HEAP)
    STACK                                    0x20012520   Section     1024  startup_stm32f746xx.o(STACK)
    Stack_Mem                                0x20012520   Data        1024  startup_stm32f746xx.o(STACK)
    __initial_sp                             0x20012920   Data           0  startup_stm32f746xx.o(STACK)
    .ARM.__AT_0xC0000000                     0xc0000000   Section    261120  glcd_746g_discovery.o(.ARM.__AT_0xC0000000)
    frame_buf                                0xc0000000   Data       261120  glcd_746g_discovery.o(.ARM.__AT_0xC0000000)

    Global Symbols

    Symbol Name                              Value     Ov Type        Size  Object(Section)

    BuildAttributes$$THM_ISAv4$E$P$D$K$B$S$7EM$VFPi5$EXTD16$VFPS$VFMA$PE$PLD8$A:L22UL41UL21$X:L11$S22US41US21$IEEE1$IW$USESV6$~STKCKD$USESV7$~SHL$OSPACE$ROPI$EBA8$UX$STANDARDLIB$REQ8$PRES8$EABIv2 0x00000000   Number         0  anon$$obj.o ABSOLUTE
    __ARM_use_no_argv                        0x00000000   Number         0  main.o ABSOLUTE
    __ARM_exceptions_init                     - Undefined Weak Reference
    __alloca_initialize                       - Undefined Weak Reference
    __arm_preinit_                            - Undefined Weak Reference
    __cpp_initialize__aeabi_                  - Undefined Weak Reference
    __cxa_finalize                            - Undefined Weak Reference
    __rt_locale                               - Undefined Weak Reference
    __sigvec_lookup                           - Undefined Weak Reference
    _atexit_init                              - Undefined Weak Reference
    _call_atexit_fns                          - Undefined Weak Reference
    _clock_init                               - Undefined Weak Reference
    _fp_trap_init                             - Undefined Weak Reference
    _fp_trap_shutdown                         - Undefined Weak Reference
    _get_lc_collate                           - Undefined Weak Reference
    _get_lc_ctype                             - Undefined Weak Reference
    _get_lc_monetary                          - Undefined Weak Reference
    _get_lc_numeric                           - Undefined Weak Reference
    _get_lc_time                              - Undefined Weak Reference
    _getenv_init                              - Undefined Weak Reference
    _handle_redirection                       - Undefined Weak Reference
    _init_alloc                               - Undefined Weak Reference
    _init_user_alloc                          - Undefined Weak Reference
    _initio                                   - Undefined Weak Reference
    _printf_post_padding                      - Undefined Weak Reference
    _printf_pre_padding                       - Undefined Weak Reference
    _printf_truncate_signed                   - Undefined Weak Reference
    _printf_truncate_unsigned                 - Undefined Weak Reference
    _rand_init                                - Undefined Weak Reference
    _signal_finish                            - Undefined Weak Reference
    _signal_init                              - Undefined Weak Reference
    _terminate_alloc                          - Undefined Weak Reference
    _terminate_user_alloc                     - Undefined Weak Reference
    _terminateio                              - Undefined Weak Reference
    __Vectors_Size                           0x000001c8   Number         0  startup_stm32f746xx.o ABSOLUTE
    __RL_RTX_VER                             0x00000482   Number         0  rt_system.o ABSOLUTE
    __Vectors                                0x08000000   Data           4  startup_stm32f746xx.o(RESET)
    __Vectors_End                            0x080001c8   Data           0  startup_stm32f746xx.o(RESET)
    __main                                   0x080001c9   Thumb Code     8  __main.o(!!!main)
    __scatterload                            0x080001d1   Thumb Code     0  __scatter.o(!!!scatter)
    __scatterload_rt2                        0x080001d1   Thumb Code    44  __scatter.o(!!!scatter)
    __scatterload_rt2_thumb_only             0x080001d1   Thumb Code     0  __scatter.o(!!!scatter)
    __scatterload_null                       0x080001df   Thumb Code     0  __scatter.o(!!!scatter)
    __decompress                             0x08000205   Thumb Code    90  __dczerorl2.o(!!dczerorl2)
    __decompress1                            0x08000205   Thumb Code     0  __dczerorl2.o(!!dczerorl2)
    __scatterload_zeroinit                   0x08000261   Thumb Code    28  __scatter_zi.o(!!handler_zi)
    _printf_d                                0x0800027d   Thumb Code     0  _printf_d.o(.ARM.Collect$$_printf_percent$$00000009)
    _printf_percent                          0x0800027d   Thumb Code     0  _printf_percent.o(.ARM.Collect$$_printf_percent$$00000000)
    _printf_percent_end                      0x08000283   Thumb Code     0  _printf_percent_end.o(.ARM.Collect$$_printf_percent$$00000017)
    __rt_lib_init                            0x08000287   Thumb Code     0  libinit.o(.ARM.Collect$$libinit$$00000000)
    __rt_lib_init_fp_1                       0x08000289   Thumb Code     0  libinit2.o(.ARM.Collect$$libinit$$00000001)
    __rt_lib_init_alloca_1                   0x0800028d   Thumb Code     0  libinit2.o(.ARM.Collect$$libinit$$0000002E)
    __rt_lib_init_argv_1                     0x0800028d   Thumb Code     0  libinit2.o(.ARM.Collect$$libinit$$0000002C)
    __rt_lib_init_atexit_1                   0x0800028d   Thumb Code     0  libinit2.o(.ARM.Collect$$libinit$$0000001B)
    __rt_lib_init_clock_1                    0x0800028d   Thumb Code     0  libinit2.o(.ARM.Collect$$libinit$$00000021)
    __rt_lib_init_cpp_1                      0x0800028d   Thumb Code     0  libinit2.o(.ARM.Collect$$libinit$$00000032)
    __rt_lib_init_exceptions_1               0x0800028d   Thumb Code     0  libinit2.o(.ARM.Collect$$libinit$$00000030)
    __rt_lib_init_fp_trap_1                  0x0800028d   Thumb Code     0  libinit2.o(.ARM.Collect$$libinit$$0000001F)
    __rt_lib_init_getenv_1                   0x0800028d   Thumb Code     0  libinit2.o(.ARM.Collect$$libinit$$00000023)
    __rt_lib_init_heap_1                     0x0800028d   Thumb Code     0  libinit2.o(.ARM.Collect$$libinit$$0000000A)
    __rt_lib_init_lc_collate_1               0x0800028d   Thumb Code     0  libinit2.o(.ARM.Collect$$libinit$$00000011)
    __rt_lib_init_lc_ctype_1                 0x0800028d   Thumb Code     0  libinit2.o(.ARM.Collect$$libinit$$00000013)
    __rt_lib_init_lc_monetary_1              0x0800028d   Thumb Code     0  libinit2.o(.ARM.Collect$$libinit$$00000015)
    __rt_lib_init_lc_numeric_1               0x0800028d   Thumb Code     0  libinit2.o(.ARM.Collect$$libinit$$00000017)
    __rt_lib_init_lc_time_1                  0x0800028d   Thumb Code     0  libinit2.o(.ARM.Collect$$libinit$$00000019)
    __rt_lib_init_preinit_1                  0x0800028d   Thumb Code     0  libinit2.o(.ARM.Collect$$libinit$$00000004)
    __rt_lib_init_rand_1                     0x0800028d   Thumb Code     0  libinit2.o(.ARM.Collect$$libinit$$0000000E)
    __rt_lib_init_return                     0x0800028d   Thumb Code     0  libinit2.o(.ARM.Collect$$libinit$$00000033)
    __rt_lib_init_signal_1                   0x0800028d   Thumb Code     0  libinit2.o(.ARM.Collect$$libinit$$0000001D)
    __rt_lib_init_stdio_1                    0x0800028d   Thumb Code     0  libinit2.o(.ARM.Collect$$libinit$$00000025)
    __rt_lib_init_user_alloc_1               0x0800028d   Thumb Code     0  libinit2.o(.ARM.Collect$$libinit$$0000000C)
    __rt_lib_shutdown                        0x0800028f   Thumb Code     0  libshutdown.o(.ARM.Collect$$libshutdown$$00000000)
    __rt_lib_shutdown_cpp_1                  0x08000291   Thumb Code     0  libshutdown2.o(.ARM.Collect$$libshutdown$$00000002)
    __rt_lib_shutdown_fp_trap_1              0x08000291   Thumb Code     0  libshutdown2.o(.ARM.Collect$$libshutdown$$00000007)
    __rt_lib_shutdown_heap_1                 0x08000291   Thumb Code     0  libshutdown2.o(.ARM.Collect$$libshutdown$$0000000F)
    __rt_lib_shutdown_return                 0x08000291   Thumb Code     0  libshutdown2.o(.ARM.Collect$$libshutdown$$00000010)
    __rt_lib_shutdown_signal_1               0x08000291   Thumb Code     0  libshutdown2.o(.ARM.Collect$$libshutdown$$0000000A)
    __rt_lib_shutdown_stdio_1                0x08000291   Thumb Code     0  libshutdown2.o(.ARM.Collect$$libshutdown$$00000004)
    __rt_lib_shutdown_user_alloc_1           0x08000291   Thumb Code     0  libshutdown2.o(.ARM.Collect$$libshutdown$$0000000C)
    __rt_entry                               0x08000293   Thumb Code     0  __rtentry.o(.ARM.Collect$$rtentry$$00000000)
    __rt_entry_presh_1                       0x08000293   Thumb Code     0  __rtentry2.o(.ARM.Collect$$rtentry$$00000002)
    __rt_entry_sh                            0x08000293   Thumb Code     0  __rtentry4.o(.ARM.Collect$$rtentry$$00000004)
    __rt_entry_li                            0x08000299   Thumb Code     0  __rtentry2.o(.ARM.Collect$$rtentry$$0000000A)
    __rt_entry_postsh_1                      0x08000299   Thumb Code     0  __rtentry2.o(.ARM.Collect$$rtentry$$00000009)
    __rt_entry_postli_1                      0x0800029d   Thumb Code     0  __rtentry2.o(.ARM.Collect$$rtentry$$0000000B)
    __rt_entry_main                          0x080002a5   Thumb Code     0  __rtentry2.o(.ARM.Collect$$rtentry$$0000000D)
    __rt_exit                                0x080002ad   Thumb Code     0  rtexit.o(.ARM.Collect$$rtexit$$00000000)
    __rt_exit_ls                             0x080002af   Thumb Code     0  rtexit2.o(.ARM.Collect$$rtexit$$00000003)
    __rt_exit_prels_1                        0x080002af   Thumb Code     0  rtexit2.o(.ARM.Collect$$rtexit$$00000002)
    __rt_exit_exit                           0x080002b3   Thumb Code     0  rtexit2.o(.ARM.Collect$$rtexit$$00000004)
    _platform_post_lib_init                  0x080002b9   Thumb Code    24  rtx_conf_cm.o(.emb_text)
    rt_set_PSP                               0x080002d5   Thumb Code     6  hal_cm4.o(.emb_text)
    rt_get_PSP                               0x080002db   Thumb Code     6  hal_cm4.o(.emb_text)
    os_set_env                               0x080002e1   Thumb Code    24  hal_cm4.o(.emb_text)
    _alloc_box                               0x080002fd   Thumb Code    28  hal_cm4.o(.emb_text)
    _free_box                                0x0800031d   Thumb Code    28  hal_cm4.o(.emb_text)
    SVC_Handler                              0x0800033d   Thumb Code   168  hal_cm4.o(.emb_text)
    PendSV_Handler                           0x080003f5   Thumb Code    96  hal_cm4.o(.emb_text)
    SysTick_Handler                          0x08000459   Thumb Code     8  hal_cm4.o(.emb_text)
    OS_Tick_Handler                          0x08000461   Thumb Code    12  hal_cm4.o(.emb_text)
    Reset_Handler                            0x0800046d   Thumb Code     8  startup_stm32f746xx.o(.text)
    NMI_Handler                              0x08000475   Thumb Code     2  startup_stm32f746xx.o(.text)
    HardFault_Handler                        0x08000477   Thumb Code     2  startup_stm32f746xx.o(.text)
    MemManage_Handler                        0x08000479   Thumb Code     2  startup_stm32f746xx.o(.text)
    BusFault_Handler                         0x0800047b   Thumb Code     2  startup_stm32f746xx.o(.text)
    UsageFault_Handler                       0x0800047d   Thumb Code     2  startup_stm32f746xx.o(.text)
    DebugMon_Handler                         0x08000481   Thumb Code     2  startup_stm32f746xx.o(.text)
    ADC_IRQHandler                           0x08000487   Thumb Code     0  startup_stm32f746xx.o(.text)
    CAN1_RX0_IRQHandler                      0x08000487   Thumb Code     0  startup_stm32f746xx.o(.text)
    CAN1_RX1_IRQHandler                      0x08000487   Thumb Code     0  startup_stm32f746xx.o(.text)
    CAN1_SCE_IRQHandler                      0x08000487   Thumb Code     0  startup_stm32f746xx.o(.text)
    CAN1_TX_IRQHandler                       0x08000487   Thumb Code     0  startup_stm32f746xx.o(.text)
    CAN2_RX0_IRQHandler                      0x08000487   Thumb Code     0  startup_stm32f746xx.o(.text)
    CAN2_RX1_IRQHandler                      0x08000487   Thumb Code     0  startup_stm32f746xx.o(.text)
    CAN2_SCE_IRQHandler                      0x08000487   Thumb Code     0  startup_stm32f746xx.o(.text)
    CAN2_TX_IRQHandler                       0x08000487   Thumb Code     0  startup_stm32f746xx.o(.text)
    CEC_IRQHandler                           0x08000487   Thumb Code     0  startup_stm32f746xx.o(.text)
    DCMI_IRQHandler                          0x08000487   Thumb Code     0  startup_stm32f746xx.o(.text)
    DMA1_Stream0_IRQHandler                  0x08000487   Thumb Code     0  startup_stm32f746xx.o(.text)
    DMA1_Stream1_IRQHandler                  0x08000487   Thumb Code     0  startup_stm32f746xx.o(.text)
    DMA1_Stream2_IRQHandler                  0x08000487   Thumb Code     0  startup_stm32f746xx.o(.text)
    DMA1_Stream3_IRQHandler                  0x08000487   Thumb Code     0  startup_stm32f746xx.o(.text)
    DMA1_Stream4_IRQHandler                  0x08000487   Thumb Code     0  startup_stm32f746xx.o(.text)
    DMA1_Stream5_IRQHandler                  0x08000487   Thumb Code     0  startup_stm32f746xx.o(.text)
    DMA1_Stream6_IRQHandler                  0x08000487   Thumb Code     0  startup_stm32f746xx.o(.text)
    DMA1_Stream7_IRQHandler                  0x08000487   Thumb Code     0  startup_stm32f746xx.o(.text)
    DMA2D_IRQHandler                         0x08000487   Thumb Code     0  startup_stm32f746xx.o(.text)
    DMA2_Stream0_IRQHandler                  0x08000487   Thumb Code     0  startup_stm32f746xx.o(.text)
    DMA2_Stream1_IRQHandler                  0x08000487   Thumb Code     0  startup_stm32f746xx.o(.text)
    DMA2_Stream2_IRQHandler                  0x08000487   Thumb Code     0  startup_stm32f746xx.o(.text)
    DMA2_Stream3_IRQHandler                  0x08000487   Thumb Code     0  startup_stm32f746xx.o(.text)
    DMA2_Stream4_IRQHandler                  0x08000487   Thumb Code     0  startup_stm32f746xx.o(.text)
    DMA2_Stream5_IRQHandler                  0x08000487   Thumb Code     0  startup_stm32f746xx.o(.text)
    DMA2_Stream6_IRQHandler                  0x08000487   Thumb Code     0  startup_stm32f746xx.o(.text)
    DMA2_Stream7_IRQHandler                  0x08000487   Thumb Code     0  startup_stm32f746xx.o(.text)
    ETH_IRQHandler                           0x08000487   Thumb Code     0  startup_stm32f746xx.o(.text)
    ETH_WKUP_IRQHandler                      0x08000487   Thumb Code     0  startup_stm32f746xx.o(.text)
    EXTI0_IRQHandler                         0x08000487   Thumb Code     0  startup_stm32f746xx.o(.text)
    EXTI15_10_IRQHandler                     0x08000487   Thumb Code     0  startup_stm32f746xx.o(.text)
    EXTI1_IRQHandler                         0x08000487   Thumb Code     0  startup_stm32f746xx.o(.text)
    EXTI2_IRQHandler                         0x08000487   Thumb Code     0  startup_stm32f746xx.o(.text)
    EXTI3_IRQHandler                         0x08000487   Thumb Code     0  startup_stm32f746xx.o(.text)
    EXTI4_IRQHandler                         0x08000487   Thumb Code     0  startup_stm32f746xx.o(.text)
    EXTI9_5_IRQHandler                       0x08000487   Thumb Code     0  startup_stm32f746xx.o(.text)
    FLASH_IRQHandler                         0x08000487   Thumb Code     0  startup_stm32f746xx.o(.text)
    FMC_IRQHandler                           0x08000487   Thumb Code     0  startup_stm32f746xx.o(.text)
    FPU_IRQHandler                           0x08000487   Thumb Code     0  startup_stm32f746xx.o(.text)
    I2C1_ER_IRQHandler                       0x08000487   Thumb Code     0  startup_stm32f746xx.o(.text)
    I2C1_EV_IRQHandler                       0x08000487   Thumb Code     0  startup_stm32f746xx.o(.text)
    I2C2_ER_IRQHandler                       0x08000487   Thumb Code     0  startup_stm32f746xx.o(.text)
    I2C2_EV_IRQHandler                       0x08000487   Thumb Code     0  startup_stm32f746xx.o(.text)
    I2C3_ER_IRQHandler                       0x08000487   Thumb Code     0  startup_stm32f746xx.o(.text)
    I2C3_EV_IRQHandler                       0x08000487   Thumb Code     0  startup_stm32f746xx.o(.text)
    I2C4_ER_IRQHandler                       0x08000487   Thumb Code     0  startup_stm32f746xx.o(.text)
    I2C4_EV_IRQHandler                       0x08000487   Thumb Code     0  startup_stm32f746xx.o(.text)
    LPTIM1_IRQHandler                        0x08000487   Thumb Code     0  startup_stm32f746xx.o(.text)
    LTDC_ER_IRQHandler                       0x08000487   Thumb Code     0  startup_stm32f746xx.o(.text)
    LTDC_IRQHandler                          0x08000487   Thumb Code     0  startup_stm32f746xx.o(.text)
    OTG_FS_IRQHandler                        0x08000487   Thumb Code     0  startup_stm32f746xx.o(.text)
    OTG_FS_WKUP_IRQHandler                   0x08000487   Thumb Code     0  startup_stm32f746xx.o(.text)
    OTG_HS_EP1_IN_IRQHandler                 0x08000487   Thumb Code     0  startup_stm32f746xx.o(.text)
    OTG_HS_EP1_OUT_IRQHandler                0x08000487   Thumb Code     0  startup_stm32f746xx.o(.text)
    OTG_HS_IRQHandler                        0x08000487   Thumb Code     0  startup_stm32f746xx.o(.text)
    OTG_HS_WKUP_IRQHandler                   0x08000487   Thumb Code     0  startup_stm32f746xx.o(.text)
    PVD_IRQHandler                           0x08000487   Thumb Code     0  startup_stm32f746xx.o(.text)
    QUADSPI_IRQHandler                       0x08000487   Thumb Code     0  startup_stm32f746xx.o(.text)
    RCC_IRQHandler                           0x08000487   Thumb Code     0  startup_stm32f746xx.o(.text)
    RNG_IRQHandler                           0x08000487   Thumb Code     0  startup_stm32f746xx.o(.text)
    RTC_Alarm_IRQHandler                     0x08000487   Thumb Code     0  startup_stm32f746xx.o(.text)
    RTC_WKUP_IRQHandler                      0x08000487   Thumb Code     0  startup_stm32f746xx.o(.text)
    SAI1_IRQHandler                          0x08000487   Thumb Code     0  startup_stm32f746xx.o(.text)
    SAI2_IRQHandler                          0x08000487   Thumb Code     0  startup_stm32f746xx.o(.text)
    SDMMC1_IRQHandler                        0x08000487   Thumb Code     0  startup_stm32f746xx.o(.text)
    SPDIF_RX_IRQHandler                      0x08000487   Thumb Code     0  startup_stm32f746xx.o(.text)
    SPI1_IRQHandler                          0x08000487   Thumb Code     0  startup_stm32f746xx.o(.text)
    SPI2_IRQHandler                          0x08000487   Thumb Code     0  startup_stm32f746xx.o(.text)
    SPI3_IRQHandler                          0x08000487   Thumb Code     0  startup_stm32f746xx.o(.text)
    SPI4_IRQHandler                          0x08000487   Thumb Code     0  startup_stm32f746xx.o(.text)
    SPI5_IRQHandler                          0x08000487   Thumb Code     0  startup_stm32f746xx.o(.text)
    SPI6_IRQHandler                          0x08000487   Thumb Code     0  startup_stm32f746xx.o(.text)
    TAMP_STAMP_IRQHandler                    0x08000487   Thumb Code     0  startup_stm32f746xx.o(.text)
    TIM1_BRK_TIM9_IRQHandler                 0x08000487   Thumb Code     0  startup_stm32f746xx.o(.text)
    TIM1_CC_IRQHandler                       0x08000487   Thumb Code     0  startup_stm32f746xx.o(.text)
    TIM1_TRG_COM_TIM11_IRQHandler            0x08000487   Thumb Code     0  startup_stm32f746xx.o(.text)
    TIM1_UP_TIM10_IRQHandler                 0x08000487   Thumb Code     0  startup_stm32f746xx.o(.text)
    TIM2_IRQHandler                          0x08000487   Thumb Code     0  startup_stm32f746xx.o(.text)
    TIM3_IRQHandler                          0x08000487   Thumb Code     0  startup_stm32f746xx.o(.text)
    TIM4_IRQHandler                          0x08000487   Thumb Code     0  startup_stm32f746xx.o(.text)
    TIM5_IRQHandler                          0x08000487   Thumb Code     0  startup_stm32f746xx.o(.text)
    TIM6_DAC_IRQHandler                      0x08000487   Thumb Code     0  startup_stm32f746xx.o(.text)
    TIM7_IRQHandler                          0x08000487   Thumb Code     0  startup_stm32f746xx.o(.text)
    TIM8_BRK_TIM12_IRQHandler                0x08000487   Thumb Code     0  startup_stm32f746xx.o(.text)
    TIM8_CC_IRQHandler                       0x08000487   Thumb Code     0  startup_stm32f746xx.o(.text)
    TIM8_TRG_COM_TIM14_IRQHandler            0x08000487   Thumb Code     0  startup_stm32f746xx.o(.text)
    TIM8_UP_TIM13_IRQHandler                 0x08000487   Thumb Code     0  startup_stm32f746xx.o(.text)
    UART4_IRQHandler                         0x08000487   Thumb Code     0  startup_stm32f746xx.o(.text)
    UART5_IRQHandler                         0x08000487   Thumb Code     0  startup_stm32f746xx.o(.text)
    UART7_IRQHandler                         0x08000487   Thumb Code     0  startup_stm32f746xx.o(.text)
    UART8_IRQHandler                         0x08000487   Thumb Code     0  startup_stm32f746xx.o(.text)
    USART1_IRQHandler                        0x08000487   Thumb Code     0  startup_stm32f746xx.o(.text)
    USART2_IRQHandler                        0x08000487   Thumb Code     0  startup_stm32f746xx.o(.text)
    USART3_IRQHandler                        0x08000487   Thumb Code     0  startup_stm32f746xx.o(.text)
    USART6_IRQHandler                        0x08000487   Thumb Code     0  startup_stm32f746xx.o(.text)
    WWDG_IRQHandler                          0x08000487   Thumb Code     0  startup_stm32f746xx.o(.text)
    __user_initial_stackheap                 0x08000489   Thumb Code     0  startup_stm32f746xx.o(.text)
    __user_libspace                          0x080004ad   Thumb Code     8  libspace.o(.text)
    __user_perproc_libspace                  0x080004ad   Thumb Code     0  libspace.o(.text)
    __aeabi_uldivmod                         0x080004b5   Thumb Code     0  lludivv7m.o(.text)
    _ll_udiv                                 0x080004b5   Thumb Code   238  lludivv7m.o(.text)
    __2sprintf                               0x080005a5   Thumb Code    34  noretval__2sprintf.o(.text)
    __printf                                 0x080005cd   Thumb Code   104  __printf.o(.text)
    _printf_int_dec                          0x08000635   Thumb Code   104  _printf_dec.o(.text)
    exit                                     0x080006ad   Thumb Code    18  exit.o(.text)
    __aeabi_memcpy4                          0x080006bf   Thumb Code     0  rt_memcpy_w.o(.text)
    __aeabi_memcpy8                          0x080006bf   Thumb Code     0  rt_memcpy_w.o(.text)
    __rt_memcpy_w                            0x080006bf   Thumb Code   100  rt_memcpy_w.o(.text)
    _memcpy_lastbytes_aligned                0x08000707   Thumb Code     0  rt_memcpy_w.o(.text)
    strcmp                                   0x08000725   Thumb Code   104  strcmpv7m_pel.o(.text)
    __use_two_region_memory                  0x0800078d   Thumb Code     2  heapauxi.o(.text)
    __rt_heap_escrow$2region                 0x0800078f   Thumb Code     2  heapauxi.o(.text)
    __rt_heap_expand$2region                 0x08000791   Thumb Code     2  heapauxi.o(.text)
    _printf_int_common                       0x08000793   Thumb Code   178  _printf_intcommon.o(.text)
    _printf_char_common                      0x0800084f   Thumb Code    32  _printf_char_common.o(.text)
    _sputc                                   0x08000875   Thumb Code    10  _sputc.o(.text)
    _sys_exit                                0x08000881   Thumb Code     8  sys_exit.o(.text)
    __user_setup_stackheap                   0x0800088d   Thumb Code    74  sys_stackheap_outer.o(.text)
    __I$use$semihosting                      0x080008d7   Thumb Code     0  use_no_semi.o(.text)
    __use_no_semihosting_swi                 0x080008d7   Thumb Code     2  use_no_semi.o(.text)
    SVC_Count                                0x080008d8   Data           4  svc_table.o(SVC_TABLE)
    __semihosting_library_function           0x080008d9   Thumb Code     0  indicate_semi.o(.text)
    SVC_Table                                0x080008dc   Data           0  svc_table.o(SVC_TABLE)
    BSP_SDRAM_Init                           0x08000a49   Thumb Code   122  stm32746g_discovery_sdram.o(i.BSP_SDRAM_Init)
    BSP_SDRAM_Initialization_sequence        0x08000ad5   Thumb Code   142  stm32746g_discovery_sdram.o(i.BSP_SDRAM_Initialization_sequence)
    BSP_SDRAM_MspInit                        0x08000b6d   Thumb Code   418  stm32746g_discovery_sdram.o(i.BSP_SDRAM_MspInit)
    BSP_TS_GetState                          0x08000d35   Thumb Code   526  stm32746g_discovery_ts.o(i.BSP_TS_GetState)
    BSP_TS_Get_GestureId                     0x08000f61   Thumb Code   106  stm32746g_discovery_ts.o(i.BSP_TS_Get_GestureId)
    BSP_TS_Init                              0x08000fd1   Thumb Code    74  stm32746g_discovery_ts.o(i.BSP_TS_Init)
    ConfigureADC                             0x08001035   Thumb Code    96  gui_utility.o(i.ConfigureADC)
    DHT11Start                               0x080010a1   Thumb Code    50  gui_utility.o(i.DHT11Start)
    DWT_Delay_Init                           0x080011b9   Thumb Code    68  dwt_stm32_delay.o(i.DWT_Delay_Init)
    FMC_SDRAM_Init                           0x08001235   Thumb Code   116  stm32f7xx_ll_fmc.o(i.FMC_SDRAM_Init)
    FMC_SDRAM_ProgramRefreshRate             0x080012a9   Thumb Code    14  stm32f7xx_ll_fmc.o(i.FMC_SDRAM_ProgramRefreshRate)
    FMC_SDRAM_SendCommand                    0x080012b7   Thumb Code    38  stm32f7xx_ll_fmc.o(i.FMC_SDRAM_SendCommand)
    FMC_SDRAM_Timing_Init                    0x080012dd   Thumb Code   152  stm32f7xx_ll_fmc.o(i.FMC_SDRAM_Timing_Init)
    GLCD_ClearScreen                         0x08001379   Thumb Code    26  glcd_746g_discovery.o(i.GLCD_ClearScreen)
    GLCD_DrawBargraph                        0x0800139d   Thumb Code    92  glcd_746g_discovery.o(i.GLCD_DrawBargraph)
    GLCD_DrawChar                            0x08001405   Thumb Code   198  glcd_746g_discovery.o(i.GLCD_DrawChar)
    GLCD_DrawString                          0x080014dd   Thumb Code    38  glcd_746g_discovery.o(i.GLCD_DrawString)
    GLCD_Initialize                          0x08001509   Thumb Code   502  glcd_746g_discovery.o(i.GLCD_Initialize)
    GLCD_SetBackgroundColor                  0x08001721   Thumb Code    10  glcd_746g_discovery.o(i.GLCD_SetBackgroundColor)
    GLCD_SetFont                             0x08001731   Thumb Code    10  glcd_746g_discovery.o(i.GLCD_SetFont)
    GLCD_SetForegroundColor                  0x08001741   Thumb Code    10  glcd_746g_discovery.o(i.GLCD_SetForegroundColor)
    HAL_ADC_ConfigChannel                    0x08001751   Thumb Code   414  stm32f7xx_hal_adc.o(i.HAL_ADC_ConfigChannel)
    HAL_ADC_GetValue                         0x08001905   Thumb Code     8  stm32f7xx_hal_adc.o(i.HAL_ADC_GetValue)
    HAL_ADC_Init                             0x0800190d   Thumb Code   100  stm32f7xx_hal_adc.o(i.HAL_ADC_Init)
    HAL_ADC_MspInit                          0x08001975   Thumb Code     2  stm32f7xx_hal_adc.o(i.HAL_ADC_MspInit)
    HAL_ADC_Start                            0x08001979   Thumb Code   238  stm32f7xx_hal_adc.o(i.HAL_ADC_Start)
    HAL_DMA_DeInit                           0x08001a79   Thumb Code   110  stm32f7xx_hal_dma.o(i.HAL_DMA_DeInit)
    HAL_DMA_Init                             0x08001ae9   Thumb Code   232  stm32f7xx_hal_dma.o(i.HAL_DMA_Init)
    HAL_Delay                                0x08001bd5   Thumb Code    36  stm32f7xx_hal.o(i.HAL_Delay)
    HAL_GPIO_Init                            0x08001bfd   Thumb Code   484  stm32f7xx_hal_gpio.o(i.HAL_GPIO_Init)
    HAL_GPIO_ReadPin                         0x08001e15   Thumb Code    16  stm32f7xx_hal_gpio.o(i.HAL_GPIO_ReadPin)
    HAL_GPIO_WritePin                        0x08001e25   Thumb Code    12  stm32f7xx_hal_gpio.o(i.HAL_GPIO_WritePin)
    HAL_GetTick                              0x08001e31   Thumb Code     6  gui_utility.o(i.HAL_GetTick)
    HAL_I2C_DeInit                           0x08001e3d   Thumb Code    60  stm32f7xx_hal_i2c.o(i.HAL_I2C_DeInit)
    HAL_I2C_GetState                         0x08001e79   Thumb Code     8  stm32f7xx_hal_i2c.o(i.HAL_I2C_GetState)
    HAL_I2C_Init                             0x08001e81   Thumb Code   192  stm32f7xx_hal_i2c.o(i.HAL_I2C_Init)
    HAL_I2C_Mem_Read                         0x08001f45   Thumb Code   434  stm32f7xx_hal_i2c.o(i.HAL_I2C_Mem_Read)
    HAL_I2C_Mem_Write                        0x08002101   Thumb Code   436  stm32f7xx_hal_i2c.o(i.HAL_I2C_Mem_Write)
    HAL_I2C_MspDeInit                        0x080022b9   Thumb Code     2  stm32f7xx_hal_i2c.o(i.HAL_I2C_MspDeInit)
    HAL_I2C_MspInit                          0x080022bb   Thumb Code     2  stm32f7xx_hal_i2c.o(i.HAL_I2C_MspInit)
    HAL_Init                                 0x080022bd   Thumb Code    44  stm32f7xx_hal.o(i.HAL_Init)
    HAL_InitTick                             0x080022ed   Thumb Code    64  stm32f7xx_hal.o(i.HAL_InitTick)
    HAL_LTDC_ConfigLayer                     0x08002339   Thumb Code    94  stm32f7xx_hal_ltdc.o(i.HAL_LTDC_ConfigLayer)
    HAL_LTDC_Init                            0x08002399   Thumb Code   290  stm32f7xx_hal_ltdc.o(i.HAL_LTDC_Init)
    HAL_LTDC_MspInit                         0x080024c1   Thumb Code     2  stm32f7xx_hal_ltdc.o(i.HAL_LTDC_MspInit)
    HAL_MspInit                              0x080024c3   Thumb Code     2  stm32f7xx_hal.o(i.HAL_MspInit)
    HAL_NVIC_EnableIRQ                       0x080024c5   Thumb Code    32  stm32f7xx_hal_cortex.o(i.HAL_NVIC_EnableIRQ)
    HAL_NVIC_SetPriority                     0x080024e5   Thumb Code   124  stm32f7xx_hal_cortex.o(i.HAL_NVIC_SetPriority)
    HAL_NVIC_SetPriorityGrouping             0x08002561   Thumb Code    32  stm32f7xx_hal_cortex.o(i.HAL_NVIC_SetPriorityGrouping)
    HAL_RCCEx_PeriphCLKConfig                0x08002589   Thumb Code  1756  stm32f7xx_hal_rcc_ex.o(i.HAL_RCCEx_PeriphCLKConfig)
    HAL_RCC_ClockConfig                      0x08002c69   Thumb Code   382  stm32f7xx_hal_rcc.o(i.HAL_RCC_ClockConfig)
    HAL_RCC_GetHCLKFreq                      0x08002df9   Thumb Code     6  stm32f7xx_hal_rcc.o(i.HAL_RCC_GetHCLKFreq)
    HAL_RCC_GetSysClockFreq                  0x08002e05   Thumb Code   162  stm32f7xx_hal_rcc.o(i.HAL_RCC_GetSysClockFreq)
    HAL_RCC_OscConfig                        0x08002eb5   Thumb Code  1200  stm32f7xx_hal_rcc.o(i.HAL_RCC_OscConfig)
    HAL_SDRAM_Init                           0x08003369   Thumb Code    64  stm32f7xx_hal_sdram.o(i.HAL_SDRAM_Init)
    HAL_SDRAM_MspInit                        0x080033a9   Thumb Code     2  stm32f7xx_hal_sdram.o(i.HAL_SDRAM_MspInit)
    HAL_SDRAM_ProgramRefreshRate             0x080033ab   Thumb Code    40  stm32f7xx_hal_sdram.o(i.HAL_SDRAM_ProgramRefreshRate)
    HAL_SDRAM_SendCommand                    0x080033d3   Thumb Code    58  stm32f7xx_hal_sdram.o(i.HAL_SDRAM_SendCommand)
    HAL_SYSTICK_Config                       0x0800340d   Thumb Code    52  stm32f7xx_hal_cortex.o(i.HAL_SYSTICK_Config)
    SystemInit                               0x08003c31   Thumb Code    82  system_stm32f7xx.o(i.SystemInit)
    TS_IO_Delay                              0x08003c95   Thumb Code    12  stm32746g_discovery.o(i.TS_IO_Delay)
    TS_IO_Init                               0x08003ca1   Thumb Code    10  stm32746g_discovery.o(i.TS_IO_Init)
    TS_IO_Read                               0x08003cb1   Thumb Code    36  stm32746g_discovery.o(i.TS_IO_Read)
    TS_IO_Write                              0x08003cd9   Thumb Code    32  stm32746g_discovery.o(i.TS_IO_Write)
    Touch_GetState                           0x08003cfd   Thumb Code    60  touch_746g_discovery.o(i.Touch_GetState)
    Touch_Initialize                         0x08003d39   Thumb Code    28  touch_746g_discovery.o(i.Touch_Initialize)
    _init_box                                0x08003d8d   Thumb Code    70  rt_membox.o(i._init_box)
    _mutex_acquire                           0x08003dd5   Thumb Code    22  rtx_conf_cm.o(i._mutex_acquire)
    _mutex_release                           0x08003df5   Thumb Code    18  rtx_conf_cm.o(i._mutex_release)
    app_clockTicToc                          0x08003e11   Thumb Code   134  gui_utility.o(i.app_clockTicToc)
    app_closeDoor                            0x08003ea5   Thumb Code   174  gui_utility.o(i.app_closeDoor)
    app_drawBargraph                         0x08003f65   Thumb Code    96  gui_utility.o(i.app_drawBargraph)
    app_drawButton                           0x08003fcd   Thumb Code    48  gui_utility.o(i.app_drawButton)
    app_drawClock                            0x08003ffd   Thumb Code    74  gui_utility.o(i.app_drawClock)
    app_drawScreenLabel                      0x08004071   Thumb Code    32  gui_utility.o(i.app_drawScreenLabel)
    app_handleSensor                         0x08004091   Thumb Code   238  gui_utility.o(i.app_handleSensor)
    app_homePageSpecific                     0x080041b1   Thumb Code    78  gui_utility.o(i.app_homePageSpecific)
    app_openDoor                             0x08004205   Thumb Code    54  gui_utility.o(i.app_openDoor)
    app_stopTreat                            0x0800423d   Thumb Code    46  gui_utility.o(i.app_stopTreat)
    app_updateFoodLevel                      0x08004271   Thumb Code   136  gui_utility.o(i.app_updateFoodLevel)
    app_updateTempreture                     0x080042fd   Thumb Code   210  gui_utility.o(i.app_updateTempreture)
    app_updateWaterLevel                     0x080043ed   Thumb Code   136  gui_utility.o(i.app_updateWaterLevel)
    app_userInputHandle                      0x08004479   Thumb Code   272  gui_utility.o(i.app_userInputHandle)
    checkResponse                            0x0800459d   Thumb Code    66  gui_utility.o(i.checkResponse)
    dbg_init                                 0x080045e9   Thumb Code    34  hal_cm.o(i.dbg_init)
    dbg_task_notify                          0x08004619   Thumb Code    32  hal_cm.o(i.dbg_task_notify)
    dbg_task_switch                          0x08004639   Thumb Code    16  hal_cm.o(i.dbg_task_switch)
    drawHomePage                             0x08004649   Thumb Code    58  gui_utility.o(i.drawHomePage)
    drawManualPage                           0x080046a5   Thumb Code    64  gui_utility.o(i.drawManualPage)
    ft5336_Init                              0x0800472d   Thumb Code    16  ft5336.o(i.ft5336_Init)
    ft5336_ReadID                            0x0800473d   Thumb Code    58  ft5336.o(i.ft5336_ReadID)
    ft5336_Reset                             0x08004777   Thumb Code     2  ft5336.o(i.ft5336_Reset)
    ft5336_TS_ClearIT                        0x08004779   Thumb Code     2  ft5336.o(i.ft5336_TS_ClearIT)
    ft5336_TS_DetectTouch                    0x08004781   Thumb Code    58  ft5336.o(i.ft5336_TS_DetectTouch)
    ft5336_TS_DisableIT                      0x080047c1   Thumb Code    20  ft5336.o(i.ft5336_TS_DisableIT)
    ft5336_TS_EnableIT                       0x080047d5   Thumb Code    20  ft5336.o(i.ft5336_TS_EnableIT)
    ft5336_TS_GetGestureID                   0x080047e9   Thumb Code    28  ft5336.o(i.ft5336_TS_GetGestureID)
    ft5336_TS_GetTouchInfo                   0x08004805   Thumb Code   258  ft5336.o(i.ft5336_TS_GetTouchInfo)
    ft5336_TS_GetXY                          0x0800490d   Thumb Code   346  ft5336.o(i.ft5336_TS_GetXY)
    ft5336_TS_ITStatus                       0x08004a71   Thumb Code     6  ft5336.o(i.ft5336_TS_ITStatus)
    ft5336_TS_Start                          0x08004a77   Thumb Code    22  ft5336.o(i.ft5336_TS_Start)
    initializePins                           0x08004a8d   Thumb Code   454  gui_utility.o(i.initializePins)
    isrMessageGet                            0x08004c99   Thumb Code    42  rt_cmsis.o(i.isrMessageGet)
    isrMessagePut                            0x08004cc3   Thumb Code    44  rt_cmsis.o(i.isrMessagePut)
    isr_mbx_receive                          0x08004cf1   Thumb Code    86  rt_mailbox.o(i.isr_mbx_receive)
    isr_mbx_send                             0x08004d47   Thumb Code    14  rt_mailbox.o(i.isr_mbx_send)
    main                                     0x08004d55   Thumb Code   122  main.o(i.main)
    milDelay                                 0x08004de5   Thumb Code    42  gui_utility.o(i.milDelay)
    osKernelInitialize                       0x08004e11   Thumb Code    30  rt_cmsis.o(i.osKernelInitialize)
    osKernelStart                            0x08004e35   Thumb Code    98  rt_cmsis.o(i.osKernelStart)
    osMessageGet                             0x08004ea1   Thumb Code    18  rt_cmsis.o(i.osMessageGet)
    osThreadCreate                           0x08004eb9   Thumb Code    36  rt_cmsis.o(i.osThreadCreate)
    osThreadExit                             0x08004ee5   Thumb Code    14  rt_cmsis.o(i.osThreadExit)
    osTimerCall                              0x08004efd   Thumb Code     8  rt_cmsis.o(i.osTimerCall)
    osTimerThread                            0x08004f09   Thumb Code    38  rt_cmsis.o(i.osTimerThread)
    os_error                                 0x08004f35   Thumb Code    34  rtx_conf_cm.o(i.os_error)
    os_idle_demon                            0x08004f57   Thumb Code     4  rtx_conf_cm.o(i.os_idle_demon)
    os_tick_init                             0x08004f5d   Thumb Code    32  rt_system.o(i.os_tick_init)
    os_tick_irqack                           0x08004f85   Thumb Code     2  rt_system.o(i.os_tick_irqack)
    readData                                 0x08004f89   Thumb Code    90  gui_utility.o(i.readData)
    rt_alloc_box                             0x08004fe9   Thumb Code    26  rt_membox.o(i.rt_alloc_box)
    rt_alloc_mem                             0x08005003   Thumb Code    62  rt_memory.o(i.rt_alloc_mem)
    rt_block                                 0x08005041   Thumb Code    48  rt_task.o(i.rt_block)
    rt_chk_robin                             0x08005079   Thumb Code    60  rt_robin.o(i.rt_chk_robin)
    rt_dec_dly                               0x080050c1   Thumb Code   102  rt_list.o(i.rt_dec_dly)
    rt_dispatch                              0x08005131   Thumb Code    60  rt_task.o(i.rt_dispatch)
    rt_evt_psh                               0x08005175   Thumb Code    76  rt_event.o(i.rt_evt_psh)
    rt_free_box                              0x080051c5   Thumb Code    44  rt_membox.o(i.rt_free_box)
    rt_free_mem                              0x080051f1   Thumb Code    40  rt_memory.o(i.rt_free_mem)
    rt_get_first                             0x08005219   Thumb Code    40  rt_list.o(i.rt_get_first)
    rt_init_mem                              0x08005291   Thumb Code    26  rt_memory.o(i.rt_init_mem)
    rt_init_robin                            0x080052ad   Thumb Code    14  rt_robin.o(i.rt_init_robin)
    rt_init_stack                            0x080052c5   Thumb Code   118  hal_cm.o(i.rt_init_stack)
    rt_mbx_check                             0x08005345   Thumb Code     8  rt_mailbox.o(i.rt_mbx_check)
    rt_mbx_init                              0x0800534d   Thumb Code    26  rt_mailbox.o(i.rt_mbx_init)
    rt_mbx_psh                               0x08005369   Thumb Code   236  rt_mailbox.o(i.rt_mbx_psh)
    rt_mbx_wait                              0x08005459   Thumb Code   174  rt_mailbox.o(i.rt_mbx_wait)
    rt_mut_release                           0x08005551   Thumb Code   208  rt_mutex.o(i.rt_mut_release)
    rt_mut_wait                              0x08005629   Thumb Code   114  rt_mutex.o(i.rt_mut_wait)
    rt_pop_req                               0x080056a1   Thumb Code   112  rt_system.o(i.rt_pop_req)
    rt_psh_req                               0x0800571d   Thumb Code    22  rt_system.o(i.rt_psh_req)
    rt_psq_enq                               0x0800573d   Thumb Code    88  rt_list.o(i.rt_psq_enq)
    rt_put_dly                               0x08005799   Thumb Code    68  rt_list.o(i.rt_put_dly)
    rt_put_prio                              0x080057e1   Thumb Code    54  rt_list.o(i.rt_put_prio)
    rt_put_rdy_first                         0x08005819   Thumb Code    14  rt_list.o(i.rt_put_rdy_first)
    rt_resort_prio                           0x0800582d   Thumb Code    46  rt_list.o(i.rt_resort_prio)
    rt_ret_val                               0x08005871   Thumb Code    12  hal_cm.o(i.rt_ret_val)
    rt_ret_val2                              0x0800587d   Thumb Code    16  hal_cm.o(i.rt_ret_val2)
    rt_rmv_dly                               0x0800588d   Thumb Code    40  rt_list.o(i.rt_rmv_dly)
    rt_rmv_list                              0x080058b5   Thumb Code    44  rt_list.o(i.rt_rmv_list)
    rt_sem_psh                               0x080058e5   Thumb Code    48  rt_semaphore.o(i.rt_sem_psh)
    rt_stk_check                             0x08005919   Thumb Code    28  rt_system.o(i.rt_stk_check)
    rt_switch_req                            0x0800593d   Thumb Code    30  rt_task.o(i.rt_switch_req)
    rt_sys_init                              0x08005965   Thumb Code   138  rt_task.o(i.rt_sys_init)
    rt_sys_start                             0x08005a31   Thumb Code   110  rt_task.o(i.rt_sys_start)
    rt_systick                               0x08005aa9   Thumb Code    50  rt_system.o(i.rt_systick)
    rt_tsk_create                            0x08005b31   Thumb Code   118  rt_task.o(i.rt_tsk_create)
    rt_tsk_delete                            0x08005bb9   Thumb Code   352  rt_task.o(i.rt_tsk_delete)
    rt_tsk_prio                              0x08005d35   Thumb Code   108  rt_task.o(i.rt_tsk_prio)
    rt_tsk_self                              0x08005db1   Thumb Code    12  rt_task.o(i.rt_tsk_self)
    svcKernelInitialize                      0x08005dc1   Thumb Code    80  rt_cmsis.o(i.svcKernelInitialize)
    svcKernelStart                           0x08005e31   Thumb Code    62  rt_cmsis.o(i.svcKernelStart)
    svcMessageCreate                         0x08005e79   Thumb Code    36  rt_cmsis.o(i.svcMessageCreate)
    svcMessageGet                            0x08005e9d   Thumb Code    58  rt_cmsis.o(i.svcMessageGet)
    svcThreadCreate                          0x08005ed9   Thumb Code    96  rt_cmsis.o(i.svcThreadCreate)
    svcThreadGetId                           0x08005f45   Thumb Code    22  rt_cmsis.o(i.svcThreadGetId)
    svcThreadTerminate                       0x08005f61   Thumb Code    50  rt_cmsis.o(i.svcThreadTerminate)
    svcTimerCall                             0x08005f99   Thumb Code    24  rt_cmsis.o(i.svcTimerCall)
    sysTimerTick                             0x08005fb1   Thumb Code    84  rt_cmsis.o(i.sysTimerTick)
    turnOnWheel                              0x0800600d   Thumb Code    14  gui_utility.o(i.turnOnWheel)
    wait                                     0x08006021   Thumb Code    14  gui_utility.o(i.wait)
    _fp_init                                 0x0800602f   Thumb Code    10  fpinit.o(x$fpl$fpinit)
    __fplib_config_fpu_vfp                   0x08006037   Thumb Code     0  fpinit.o(x$fpl$fpinit)
    __fplib_config_pureend_doubles           0x08006037   Thumb Code     0  fpinit.o(x$fpl$fpinit)
    GLCD_Font_6x8                            0x08007900   Data          16  glcd_fonts.o(.constdata)
    GLCD_Font_16x24                          0x08007910   Data          16  glcd_fonts.o(.constdata)
    os_maxtaskrun                            0x08007920   Data           2  rtx_conf_cm.o(.constdata)
    os_stackinfo                             0x08007924   Data           4  rtx_conf_cm.o(.constdata)
    os_rrobin                                0x08007928   Data           4  rtx_conf_cm.o(.constdata)
    os_tickfreq                              0x0800792c   Data           4  rtx_conf_cm.o(.constdata)
    os_tickus_i                              0x08007930   Data           2  rtx_conf_cm.o(.constdata)
    os_tickus_f                              0x08007932   Data           2  rtx_conf_cm.o(.constdata)
    os_trv                                   0x08007934   Data           4  rtx_conf_cm.o(.constdata)
    os_flags                                 0x08007938   Data           1  rtx_conf_cm.o(.constdata)
    CMSIS_RTOS_API_Version                   0x0800793c   Data           4  rtx_conf_cm.o(.constdata)
    CMSIS_RTOS_RTX_Version                   0x08007940   Data           4  rtx_conf_cm.o(.constdata)
    os_clockrate                             0x08007944   Data           4  rtx_conf_cm.o(.constdata)
    os_timernum                              0x08007948   Data           4  rtx_conf_cm.o(.constdata)
    mp_tcb_size                              0x0800794c   Data           2  rtx_conf_cm.o(.constdata)
    mp_stk_size                              0x08007950   Data           4  rtx_conf_cm.o(.constdata)
    os_stack_sz                              0x08007954   Data           4  rtx_conf_cm.o(.constdata)
    os_fifo_size                             0x08007958   Data           1  rtx_conf_cm.o(.constdata)
    os_thread_def_osTimerThread              0x0800795c   Data          16  rtx_conf_cm.o(.constdata)
    os_messageQ_def_osTimerMessageQ          0x0800796c   Data           8  rtx_conf_cm.o(.constdata)
    mp_tmr_size                              0x08007974   Data           2  rtx_conf_cm.o(.constdata)
    os_thread_def_main                       0x08007978   Data          16  rtx_conf_cm.o(.constdata)
    AHBPrescTable                            0x08007990   Data          16  system_stm32f7xx.o(.constdata)
    APBPrescTable                            0x080079a0   Data           8  system_stm32f7xx.o(.constdata)
    Region$$Table$$Base                      0x08007a30   Number         0  anon$$obj.o(Region$$Table)
    Region$$Table$$Limit                     0x08007a50   Number         0  anon$$obj.o(Region$$Table)
    pinD0                                    0x20010000   Data          20  gui_utility.o(.data)
    pinD1                                    0x20010014   Data          20  gui_utility.o(.data)
    pinD2                                    0x20010028   Data          20  gui_utility.o(.data)
    pinD3                                    0x2001003c   Data          20  gui_utility.o(.data)
    pinD4                                    0x20010050   Data          20  gui_utility.o(.data)
    pinD5                                    0x20010064   Data          20  gui_utility.o(.data)
    pinD6                                    0x20010078   Data          20  gui_utility.o(.data)
    pinD7                                    0x2001008c   Data          20  gui_utility.o(.data)
    raspberryPin                             0x200100a0   Data          20  gui_utility.o(.data)
    CN4Pins                                  0x200100b4   Data          36  gui_utility.o(.data)
    homeLabel                                0x200100d8   Data           8  gui_utility.o(.data)
    manualLabel                              0x200100e0   Data           8  gui_utility.o(.data)
    clock                                    0x200100e8   Data          20  gui_utility.o(.data)
    dayButtonFunc                            0x200100fc   Data          16  gui_utility.o(.data)
    nightButtonFunc                          0x2001010c   Data          16  gui_utility.o(.data)
    playButtonFunc                           0x2001011c   Data          16  gui_utility.o(.data)
    dayButton                                0x2001012c   Data          20  gui_utility.o(.data)
    nightButton                              0x20010140   Data          20  gui_utility.o(.data)
    playButton                               0x20010154   Data          20  gui_utility.o(.data)
    manButton                                0x20010168   Data          20  gui_utility.o(.data)
    homeButtons                              0x2001017c   Data          16  gui_utility.o(.data)
    doorButtonFunc                           0x2001018c   Data          16  gui_utility.o(.data)
    treatButtonFunc                          0x2001019c   Data          16  gui_utility.o(.data)
    lightsButtonFunc                         0x200101ac   Data          16  gui_utility.o(.data)
    heatingButtonFunc                        0x200101bc   Data          16  gui_utility.o(.data)
    fanButtonFunc                            0x200101cc   Data          16  gui_utility.o(.data)
    alarmButtonFunc                          0x200101dc   Data          16  gui_utility.o(.data)
    rasbpButtonFunc                          0x200101ec   Data          16  gui_utility.o(.data)
    doorButton                               0x200101fc   Data          20  gui_utility.o(.data)
    treatButton                              0x20010210   Data          20  gui_utility.o(.data)
    lightsButton                             0x20010224   Data          20  gui_utility.o(.data)
    HeatingButton                            0x20010238   Data          20  gui_utility.o(.data)
    fanButton                                0x2001024c   Data          20  gui_utility.o(.data)
    rasbButton                               0x20010260   Data          20  gui_utility.o(.data)
    homeButton                               0x20010274   Data          20  gui_utility.o(.data)
    manualButtons                            0x20010288   Data          28  gui_utility.o(.data)
    waterBargraph                            0x200102a4   Data          16  gui_utility.o(.data)
    foodBargraph                             0x200102b4   Data          16  gui_utility.o(.data)
    check                                    0x200102c4   Data           2  gui_utility.o(.data)
    ft5336_ts_drv                            0x200102c8   Data          40  ft5336.o(.data)
    osThreadId_osTimerThread                 0x2001030c   Data           4  rtx_conf_cm.o(.data)
    osMessageQId_osTimerMessageQ             0x20010310   Data           4  rtx_conf_cm.o(.data)
    os_tmr                                   0x20010314   Data           4  rtx_conf_cm.o(.data)
    m_tmr                                    0x20010318   Data           4  rtx_conf_cm.o(.data)
    uwTick                                   0x20010320   Data           4  stm32f7xx_hal.o(.data)
    uwTickPrio                               0x20010324   Data           4  stm32f7xx_hal.o(.data)
    uwTickFreq                               0x20010328   Data           1  stm32f7xx_hal.o(.data)
    SystemCoreClock                          0x2001032c   Data           4  system_stm32f7xx.o(.data)
    os_initialized                           0x20010330   Data           1  rt_cmsis.o(.data)
    os_running                               0x20010331   Data           1  rt_cmsis.o(.data)
    os_timer_head                            0x20010334   Data           4  rt_cmsis.o(.data)
    os_tsk                                   0x20010338   Data           8  rt_task.o(.data)
    os_time                                  0x20010340   Data           4  rt_time.o(.data)
    os_tick_irqn                             0x20010348   Data           4  rt_system.o(.data)
    os_robin                                 0x2001034c   Data           8  rt_robin.o(.data)
    dbg_msg                                  0x20010354   Data           1  hal_cm.o(.data)
    g_AdcHandle                              0x20010358   Data          72  gui_utility.o(.bss)
    sdramHandle                              0x20010438   Data          52  stm32746g_discovery_sdram.o(.bss)
    mp_tcb                                   0x20010628   Data         376  rtx_conf_cm.o(.bss)
    mp_stk                                   0x200107a0   Data        4816  rtx_conf_cm.o(.bss)
    os_stack_mem                             0x20011a70   Data        1032  rtx_conf_cm.o(.bss)
    os_fifo                                  0x20011e78   Data         132  rtx_conf_cm.o(.bss)
    os_active_TCB                            0x20011efc   Data          28  rtx_conf_cm.o(.bss)
    os_messageQ_q_osTimerMessageQ            0x20011f18   Data          32  rtx_conf_cm.o(.bss)
    os_idle_TCB                              0x20012258   Data          52  rt_task.o(.bss)
    os_rdy                                   0x2001228c   Data          24  rt_list.o(.bss)
    os_dly                                   0x200122a4   Data          24  rt_list.o(.bss)
    __libspace_start                         0x200122bc   Data          96  libspace.o(.bss)
    __temporary_stack_top$libspace           0x2001231c   Data           0  libspace.o(.bss)



==============================================================================

Memory Map of the image

  Image Entry point : 0x0800046d

  Load Region LR_1 (Base: 0x08000000, Size: 0x00007da8, Max: 0xffffffff, ABSOLUTE, COMPRESSED[0x00007ba4])

    Execution Region ER_RO (Base: 0x08000000, Size: 0x00007a50, Max: 0xffffffff, ABSOLUTE)

    Base Addr    Size         Type   Attr      Idx    E Section Name        Object

    0x08000000   0x000001c8   Data   RO         3643    RESET               startup_stm32f746xx.o
    0x080001c8   0x00000008   Code   RO         4943  * !!!main             c_w.l(__main.o)
    0x080001d0   0x00000034   Code   RO         5115    !!!scatter          c_w.l(__scatter.o)
    0x08000204   0x0000005a   Code   RO         5113    !!dczerorl2         c_w.l(__dczerorl2.o)
    0x0800025e   0x00000002   PAD
    0x08000260   0x0000001c   Code   RO         5117    !!handler_zi        c_w.l(__scatter_zi.o)
    0x0800027c   0x00000000   Code   RO         4934    .ARM.Collect$$_printf_percent$$00000000  c_w.l(_printf_percent.o)
    0x0800027c   0x00000006   Code   RO         4933    .ARM.Collect$$_printf_percent$$00000009  c_w.l(_printf_d.o)
    0x08000282   0x00000004   Code   RO         4958    .ARM.Collect$$_printf_percent$$00000017  c_w.l(_printf_percent_end.o)
    0x08000286   0x00000002   Code   RO         4999    .ARM.Collect$$libinit$$00000000  c_w.l(libinit.o)
    0x08000288   0x00000004   Code   RO         5010    .ARM.Collect$$libinit$$00000001  c_w.l(libinit2.o)
    0x0800028c   0x00000000   Code   RO         5013    .ARM.Collect$$libinit$$00000004  c_w.l(libinit2.o)
    0x0800028c   0x00000000   Code   RO         5016    .ARM.Collect$$libinit$$0000000A  c_w.l(libinit2.o)
    0x0800028c   0x00000000   Code   RO         5018    .ARM.Collect$$libinit$$0000000C  c_w.l(libinit2.o)
    0x0800028c   0x00000000   Code   RO         5020    .ARM.Collect$$libinit$$0000000E  c_w.l(libinit2.o)
    0x0800028c   0x00000000   Code   RO         5023    .ARM.Collect$$libinit$$00000011  c_w.l(libinit2.o)
    0x0800028c   0x00000000   Code   RO         5025    .ARM.Collect$$libinit$$00000013  c_w.l(libinit2.o)
    0x0800028c   0x00000000   Code   RO         5027    .ARM.Collect$$libinit$$00000015  c_w.l(libinit2.o)
    0x0800028c   0x00000000   Code   RO         5029    .ARM.Collect$$libinit$$00000017  c_w.l(libinit2.o)
    0x0800028c   0x00000000   Code   RO         5031    .ARM.Collect$$libinit$$00000019  c_w.l(libinit2.o)
    0x0800028c   0x00000000   Code   RO         5033    .ARM.Collect$$libinit$$0000001B  c_w.l(libinit2.o)
    0x0800028c   0x00000000   Code   RO         5035    .ARM.Collect$$libinit$$0000001D  c_w.l(libinit2.o)
    0x0800028c   0x00000000   Code   RO         5037    .ARM.Collect$$libinit$$0000001F  c_w.l(libinit2.o)
    0x0800028c   0x00000000   Code   RO         5039    .ARM.Collect$$libinit$$00000021  c_w.l(libinit2.o)
    0x0800028c   0x00000000   Code   RO         5041    .ARM.Collect$$libinit$$00000023  c_w.l(libinit2.o)
    0x0800028c   0x00000000   Code   RO         5043    .ARM.Collect$$libinit$$00000025  c_w.l(libinit2.o)
    0x0800028c   0x00000000   Code   RO         5047    .ARM.Collect$$libinit$$0000002C  c_w.l(libinit2.o)
    0x0800028c   0x00000000   Code   RO         5049    .ARM.Collect$$libinit$$0000002E  c_w.l(libinit2.o)
    0x0800028c   0x00000000   Code   RO         5051    .ARM.Collect$$libinit$$00000030  c_w.l(libinit2.o)
    0x0800028c   0x00000000   Code   RO         5053    .ARM.Collect$$libinit$$00000032  c_w.l(libinit2.o)
    0x0800028c   0x00000002   Code   RO         5054    .ARM.Collect$$libinit$$00000033  c_w.l(libinit2.o)
    0x0800028e   0x00000002   Code   RO         5000    .ARM.Collect$$libshutdown$$00000000  c_w.l(libshutdown.o)
    0x08000290   0x00000000   Code   RO         5056    .ARM.Collect$$libshutdown$$00000002  c_w.l(libshutdown2.o)
    0x08000290   0x00000000   Code   RO         5058    .ARM.Collect$$libshutdown$$00000004  c_w.l(libshutdown2.o)
    0x08000290   0x00000000   Code   RO         5061    .ARM.Collect$$libshutdown$$00000007  c_w.l(libshutdown2.o)
    0x08000290   0x00000000   Code   RO         5064    .ARM.Collect$$libshutdown$$0000000A  c_w.l(libshutdown2.o)
    0x08000290   0x00000000   Code   RO         5066    .ARM.Collect$$libshutdown$$0000000C  c_w.l(libshutdown2.o)
    0x08000290   0x00000000   Code   RO         5069    .ARM.Collect$$libshutdown$$0000000F  c_w.l(libshutdown2.o)
    0x08000290   0x00000002   Code   RO         5070    .ARM.Collect$$libshutdown$$00000010  c_w.l(libshutdown2.o)
    0x08000292   0x00000000   Code   RO         4945    .ARM.Collect$$rtentry$$00000000  c_w.l(__rtentry.o)
    0x08000292   0x00000000   Code   RO         4960    .ARM.Collect$$rtentry$$00000002  c_w.l(__rtentry2.o)
    0x08000292   0x00000006   Code   RO         4972    .ARM.Collect$$rtentry$$00000004  c_w.l(__rtentry4.o)
    0x08000298   0x00000000   Code   RO         4962    .ARM.Collect$$rtentry$$00000009  c_w.l(__rtentry2.o)
    0x08000298   0x00000004   Code   RO         4963    .ARM.Collect$$rtentry$$0000000A  c_w.l(__rtentry2.o)
    0x0800029c   0x00000008   Code   RO         4964    .ARM.Collect$$rtentry$$0000000B  c_w.l(__rtentry2.o)
    0x080002a4   0x00000008   Code   RO         4966    .ARM.Collect$$rtentry$$0000000D  c_w.l(__rtentry2.o)
    0x080002ac   0x00000002   Code   RO         4946    .ARM.Collect$$rtexit$$00000000  c_w.l(rtexit.o)
    0x080002ae   0x00000000   Code   RO         4975    .ARM.Collect$$rtexit$$00000002  c_w.l(rtexit2.o)
    0x080002ae   0x00000004   Code   RO         4976    .ARM.Collect$$rtexit$$00000003  c_w.l(rtexit2.o)
    0x080002b2   0x00000006   Code   RO         4977    .ARM.Collect$$rtexit$$00000004  c_w.l(rtexit2.o)
    0x080002b8   0x0000001c   Code   RO         1051    .emb_text           rtx_conf_cm.o
    0x080002d4   0x00000198   Code   RO         4885    .emb_text           RTX_CM4.lib(hal_cm4.o)
    0x0800046c   0x00000040   Code   RO         3644  * .text               startup_stm32f746xx.o
    0x080004ac   0x00000008   Code   RO         4900    .text               c_w.l(libspace.o)
    0x080004b4   0x000000ee   Code   RO         4903    .text               c_w.l(lludivv7m.o)
    0x080005a2   0x00000002   PAD
    0x080005a4   0x00000028   Code   RO         4907    .text               c_w.l(noretval__2sprintf.o)
    0x080005cc   0x00000068   Code   RO         4909    .text               c_w.l(__printf.o)
    0x08000634   0x00000078   Code   RO         4911    .text               c_w.l(_printf_dec.o)
    0x080006ac   0x00000012   Code   RO         4935    .text               c_w.l(exit.o)
    0x080006be   0x00000064   Code   RO         4937    .text               c_w.l(rt_memcpy_w.o)
    0x08000722   0x00000002   PAD
    0x08000724   0x00000068   Code   RO         4939    .text               c_w.l(strcmpv7m_pel.o)
    0x0800078c   0x00000006   Code   RO         4941    .text               c_w.l(heapauxi.o)
    0x08000792   0x000000b2   Code   RO         4952    .text               c_w.l(_printf_intcommon.o)
    0x08000844   0x00000030   Code   RO         4954    .text               c_w.l(_printf_char_common.o)
    0x08000874   0x0000000a   Code   RO         4956    .text               c_w.l(_sputc.o)
    0x0800087e   0x00000002   PAD
    0x08000880   0x0000000c   Code   RO         4985    .text               c_w.l(sys_exit.o)
    0x0800088c   0x0000004a   Code   RO         4987    .text               c_w.l(sys_stackheap_outer.o)
    0x080008d6   0x00000002   Code   RO         5001    .text               c_w.l(use_no_semi.o)
    0x080008d8   0x00000000   Code   RO         5003    .text               c_w.l(indicate_semi.o)
    0x080008d8   0x00000004   Code   RO         4895    SVC_TABLE           RTX_CM4.lib(svc_table.o)
    0x080008dc   0x0000016c   Code   RO         1313    i.ADC_Init          stm32f7xx_hal_adc.o
    0x08000a48   0x0000008c   Code   RO          721    i.BSP_SDRAM_Init    stm32746g_discovery_sdram.o
    0x08000ad4   0x00000098   Code   RO          722    i.BSP_SDRAM_Initialization_sequence  stm32746g_discovery_sdram.o
    0x08000b6c   0x000001c8   Code   RO          724    i.BSP_SDRAM_MspInit  stm32746g_discovery_sdram.o
    0x08000d34   0x0000022c   Code   RO          806    i.BSP_TS_GetState   stm32746g_discovery_ts.o
    0x08000f60   0x00000070   Code   RO          807    i.BSP_TS_Get_GestureId  stm32746g_discovery_ts.o
    0x08000fd0   0x00000064   Code   RO          811    i.BSP_TS_Init       stm32746g_discovery_ts.o
    0x08001034   0x0000006c   Code   RO          157    i.ConfigureADC      gui_utility.o
    0x080010a0   0x00000038   Code   RO          158    i.DHT11Start        gui_utility.o
    0x080010d8   0x00000034   Code   RO         1725    i.DMA_CalcBaseAndBitshift  stm32f7xx_hal_dma.o
    0x0800110c   0x000000aa   Code   RO         1726    i.DMA_CheckFifoParam  stm32f7xx_hal_dma.o
    0x080011b6   0x00000002   PAD
    0x080011b8   0x0000004c   Code   RO          367    i.DWT_Delay_Init    dwt_stm32_delay.o
    0x08001204   0x00000030   Code   RO          159    i.DWT_Delay_us      gui_utility.o
    0x08001234   0x00000074   Code   RO         3509    i.FMC_SDRAM_Init    stm32f7xx_ll_fmc.o
    0x080012a8   0x0000000e   Code   RO         3510    i.FMC_SDRAM_ProgramRefreshRate  stm32f7xx_ll_fmc.o
    0x080012b6   0x00000026   Code   RO         3511    i.FMC_SDRAM_SendCommand  stm32f7xx_ll_fmc.o
    0x080012dc   0x0000009c   Code   RO         3513    i.FMC_SDRAM_Timing_Init  stm32f7xx_ll_fmc.o
    0x08001378   0x00000024   Code   RO          885    i.GLCD_ClearScreen  glcd_746g_discovery.o
    0x0800139c   0x00000068   Code   RO          886    i.GLCD_DrawBargraph  glcd_746g_discovery.o
    0x08001404   0x000000d8   Code   RO          888    i.GLCD_DrawChar     glcd_746g_discovery.o
    0x080014dc   0x0000002c   Code   RO          892    i.GLCD_DrawString   glcd_746g_discovery.o
    0x08001508   0x00000218   Code   RO          896    i.GLCD_Initialize   glcd_746g_discovery.o
    0x08001720   0x00000010   Code   RO          897    i.GLCD_SetBackgroundColor  glcd_746g_discovery.o
    0x08001730   0x00000010   Code   RO          898    i.GLCD_SetFont      glcd_746g_discovery.o
    0x08001740   0x00000010   Code   RO          899    i.GLCD_SetForegroundColor  glcd_746g_discovery.o
    0x08001750   0x000001b4   Code   RO         1315    i.HAL_ADC_ConfigChannel  stm32f7xx_hal_adc.o
    0x08001904   0x00000008   Code   RO         1322    i.HAL_ADC_GetValue  stm32f7xx_hal_adc.o
    0x0800190c   0x00000068   Code   RO         1324    i.HAL_ADC_Init      stm32f7xx_hal_adc.o
    0x08001974   0x00000002   Code   RO         1327    i.HAL_ADC_MspInit   stm32f7xx_hal_adc.o
    0x08001976   0x00000002   PAD
    0x08001978   0x00000100   Code   RO         1330    i.HAL_ADC_Start     stm32f7xx_hal_adc.o
    0x08001a78   0x0000006e   Code   RO         1730    i.HAL_DMA_DeInit    stm32f7xx_hal_dma.o
    0x08001ae6   0x00000002   PAD
    0x08001ae8   0x000000ec   Code   RO         1734    i.HAL_DMA_Init      stm32f7xx_hal_dma.o
    0x08001bd4   0x00000028   Code   RO         1122    i.HAL_Delay         stm32f7xx_hal.o
    0x08001bfc   0x00000218   Code   RO         1875    i.HAL_GPIO_Init     stm32f7xx_hal_gpio.o
    0x08001e14   0x00000010   Code   RO         1877    i.HAL_GPIO_ReadPin  stm32f7xx_hal_gpio.o
    0x08001e24   0x0000000c   Code   RO         1879    i.HAL_GPIO_WritePin  stm32f7xx_hal_gpio.o
    0x08001e30   0x0000000c   Code   RO          160    i.HAL_GetTick       gui_utility.o
    0x08001e3c   0x0000003c   Code   RO         1940    i.HAL_I2C_DeInit    stm32f7xx_hal_i2c.o
    0x08001e78   0x00000008   Code   RO         1948    i.HAL_I2C_GetState  stm32f7xx_hal_i2c.o
    0x08001e80   0x000000c4   Code   RO         1949    i.HAL_I2C_Init      stm32f7xx_hal_i2c.o
    0x08001f44   0x000001bc   Code   RO         1965    i.HAL_I2C_Mem_Read  stm32f7xx_hal_i2c.o
    0x08002100   0x000001b8   Code   RO         1968    i.HAL_I2C_Mem_Write  stm32f7xx_hal_i2c.o
    0x080022b8   0x00000002   Code   RO         1971    i.HAL_I2C_MspDeInit  stm32f7xx_hal_i2c.o
    0x080022ba   0x00000002   Code   RO         1972    i.HAL_I2C_MspInit   stm32f7xx_hal_i2c.o
    0x080022bc   0x00000030   Code   RO         1137    i.HAL_Init          stm32f7xx_hal.o
    0x080022ec   0x0000004c   Code   RO         1138    i.HAL_InitTick      stm32f7xx_hal.o
    0x08002338   0x0000005e   Code   RO         2399    i.HAL_LTDC_ConfigLayer  stm32f7xx_hal_ltdc.o
    0x08002396   0x00000002   PAD
    0x08002398   0x00000128   Code   RO         2416    i.HAL_LTDC_Init     stm32f7xx_hal_ltdc.o
    0x080024c0   0x00000002   Code   RO         2419    i.HAL_LTDC_MspInit  stm32f7xx_hal_ltdc.o
    0x080024c2   0x00000002   Code   RO         1140    i.HAL_MspInit       stm32f7xx_hal.o
    0x080024c4   0x00000020   Code   RO         1590    i.HAL_NVIC_EnableIRQ  stm32f7xx_hal_cortex.o
    0x080024e4   0x0000007c   Code   RO         1596    i.HAL_NVIC_SetPriority  stm32f7xx_hal_cortex.o
    0x08002560   0x00000028   Code   RO         1597    i.HAL_NVIC_SetPriorityGrouping  stm32f7xx_hal_cortex.o
    0x08002588   0x000006e0   Code   RO         2995    i.HAL_RCCEx_PeriphCLKConfig  stm32f7xx_hal_rcc_ex.o
    0x08002c68   0x00000190   Code   RO         2888    i.HAL_RCC_ClockConfig  stm32f7xx_hal_rcc.o
    0x08002df8   0x0000000c   Code   RO         2893    i.HAL_RCC_GetHCLKFreq  stm32f7xx_hal_rcc.o
    0x08002e04   0x000000b0   Code   RO         2897    i.HAL_RCC_GetSysClockFreq  stm32f7xx_hal_rcc.o
    0x08002eb4   0x000004b4   Code   RO         2900    i.HAL_RCC_OscConfig  stm32f7xx_hal_rcc.o
    0x08003368   0x00000040   Code   RO         3055    i.HAL_SDRAM_Init    stm32f7xx_hal_sdram.o
    0x080033a8   0x00000002   Code   RO         3057    i.HAL_SDRAM_MspInit  stm32f7xx_hal_sdram.o
    0x080033aa   0x00000028   Code   RO         3058    i.HAL_SDRAM_ProgramRefreshRate  stm32f7xx_hal_sdram.o
    0x080033d2   0x0000003a   Code   RO         3064    i.HAL_SDRAM_SendCommand  stm32f7xx_hal_sdram.o
    0x0800340c   0x00000034   Code   RO         1601    i.HAL_SYSTICK_Config  stm32f7xx_hal_cortex.o
    0x08003440   0x00000028   Code   RO         1991    i.I2C_Flush_TXDR    stm32f7xx_hal_i2c.o
    0x08003468   0x0000008c   Code   RO         1999    i.I2C_IsAcknowledgeFailed  stm32f7xx_hal_i2c.o
    0x080034f4   0x00000090   Code   RO         2002    i.I2C_RequestMemoryRead  stm32f7xx_hal_i2c.o
    0x08003584   0x00000090   Code   RO         2003    i.I2C_RequestMemoryWrite  stm32f7xx_hal_i2c.o
    0x08003614   0x00000034   Code   RO         2006    i.I2C_TransferConfig  stm32f7xx_hal_i2c.o
    0x08003648   0x00000056   Code   RO         2007    i.I2C_WaitOnFlagUntilTimeout  stm32f7xx_hal_i2c.o
    0x0800369e   0x00000056   Code   RO         2009    i.I2C_WaitOnSTOPFlagUntilTimeout  stm32f7xx_hal_i2c.o
    0x080036f4   0x0000005a   Code   RO         2010    i.I2C_WaitOnTXISFlagUntilTimeout  stm32f7xx_hal_i2c.o
    0x0800374e   0x00000014   Code   RO          520    i.I2Cx_Error        stm32746g_discovery.o
    0x08003762   0x00000002   PAD
    0x08003764   0x00000050   Code   RO          521    i.I2Cx_Init         stm32746g_discovery.o
    0x080037b4   0x00000164   Code   RO          523    i.I2Cx_MspInit      stm32746g_discovery.o
    0x08003918   0x0000003a   Code   RO          524    i.I2Cx_ReadMultiple  stm32746g_discovery.o
    0x08003952   0x0000003a   Code   RO          525    i.I2Cx_WriteMultiple  stm32746g_discovery.o
    0x0800398c   0x00000212   Code   RO         2435    i.LTDC_SetConfig    stm32f7xx_hal_ltdc.o
    0x08003b9e   0x00000002   PAD
    0x08003ba0   0x00000090   Code   RO            4    i.SystemClock_Config  main.o
    0x08003c30   0x00000064   Code   RO         3652    i.SystemInit        system_stm32f7xx.o
    0x08003c94   0x0000000c   Code   RO          526    i.TS_IO_Delay       stm32746g_discovery.o
    0x08003ca0   0x00000010   Code   RO          527    i.TS_IO_Init        stm32746g_discovery.o
    0x08003cb0   0x00000028   Code   RO          528    i.TS_IO_Read        stm32746g_discovery.o
    0x08003cd8   0x00000024   Code   RO          529    i.TS_IO_Write       stm32746g_discovery.o
    0x08003cfc   0x0000003c   Code   RO         1018    i.Touch_GetState    touch_746g_discovery.o
    0x08003d38   0x0000001c   Code   RO         1019    i.Touch_Initialize  touch_746g_discovery.o
    0x08003d54   0x00000010   Code   RO         1603    i.__NVIC_GetPriorityGrouping  stm32f7xx_hal_cortex.o
    0x08003d64   0x00000028   Code   RO         1604    i.__NVIC_SetPriority  stm32f7xx_hal_cortex.o
    0x08003d8c   0x00000046   Code   RO         4779    i._init_box         RTX_CM4.lib(rt_membox.o)
    0x08003dd2   0x00000002   PAD
    0x08003dd4   0x00000020   Code   RO         1053    i._mutex_acquire    rtx_conf_cm.o
    0x08003df4   0x0000001c   Code   RO         1055    i._mutex_release    rtx_conf_cm.o
    0x08003e10   0x00000094   Code   RO          162    i.app_clockTicToc   gui_utility.o
    0x08003ea4   0x000000c0   Code   RO          163    i.app_closeDoor     gui_utility.o
    0x08003f64   0x00000068   Code   RO          164    i.app_drawBargraph  gui_utility.o
    0x08003fcc   0x00000030   Code   RO          165    i.app_drawButton    gui_utility.o
    0x08003ffc   0x00000074   Code   RO          166    i.app_drawClock     gui_utility.o
    0x08004070   0x00000020   Code   RO          167    i.app_drawScreenLabel  gui_utility.o
    0x08004090   0x00000120   Code   RO          168    i.app_handleSensor  gui_utility.o
    0x080041b0   0x00000054   Code   RO          169    i.app_homePageSpecific  gui_utility.o
    0x08004204   0x00000036   Code   RO          170    i.app_openDoor      gui_utility.o
    0x0800423a   0x00000002   PAD
    0x0800423c   0x00000034   Code   RO          171    i.app_stopTreat     gui_utility.o
    0x08004270   0x0000008c   Code   RO          172    i.app_updateFoodLevel  gui_utility.o
    0x080042fc   0x000000f0   Code   RO          173    i.app_updateTempreture  gui_utility.o
    0x080043ec   0x0000008c   Code   RO          174    i.app_updateWaterLevel  gui_utility.o
    0x08004478   0x00000124   Code   RO          175    i.app_userInputHandle  gui_utility.o
    0x0800459c   0x0000004c   Code   RO          177    i.checkResponse     gui_utility.o
    0x080045e8   0x00000030   Code   RO         4832    i.dbg_init          RTX_CM4.lib(hal_cm.o)
    0x08004618   0x00000020   Code   RO         4833    i.dbg_task_notify   RTX_CM4.lib(hal_cm.o)
    0x08004638   0x00000010   Code   RO         4834    i.dbg_task_switch   RTX_CM4.lib(hal_cm.o)
    0x08004648   0x0000005c   Code   RO          178    i.drawHomePage      gui_utility.o
    0x080046a4   0x00000064   Code   RO          179    i.drawManualPage    gui_utility.o
    0x08004708   0x0000000c   Code   RO          391    i.ft5336_Get_I2C_InitializedStatus  ft5336.o
    0x08004714   0x00000018   Code   RO          392    i.ft5336_I2C_InitializeIfRequired  ft5336.o
    0x0800472c   0x00000010   Code   RO          393    i.ft5336_Init       ft5336.o
    0x0800473c   0x0000003a   Code   RO          394    i.ft5336_ReadID     ft5336.o
    0x08004776   0x00000002   Code   RO          395    i.ft5336_Reset      ft5336.o
    0x08004778   0x00000002   Code   RO          396    i.ft5336_TS_ClearIT  ft5336.o
    0x0800477a   0x00000006   Code   RO          397    i.ft5336_TS_Configure  ft5336.o
    0x08004780   0x00000040   Code   RO          398    i.ft5336_TS_DetectTouch  ft5336.o
    0x080047c0   0x00000014   Code   RO          399    i.ft5336_TS_DisableIT  ft5336.o
    0x080047d4   0x00000014   Code   RO          400    i.ft5336_TS_EnableIT  ft5336.o
    0x080047e8   0x0000001c   Code   RO          401    i.ft5336_TS_GetGestureID  ft5336.o
    0x08004804   0x00000108   Code   RO          402    i.ft5336_TS_GetTouchInfo  ft5336.o
    0x0800490c   0x00000164   Code   RO          403    i.ft5336_TS_GetXY   ft5336.o
    0x08004a70   0x00000006   Code   RO          404    i.ft5336_TS_ITStatus  ft5336.o
    0x08004a76   0x00000016   Code   RO          405    i.ft5336_TS_Start   ft5336.o
    0x08004a8c   0x0000020c   Code   RO          180    i.initializePins    gui_utility.o
    0x08004c98   0x0000002a   Code   RO         3688    i.isrMessageGet     RTX_CM4.lib(rt_cmsis.o)
    0x08004cc2   0x0000002c   Code   RO         3689    i.isrMessagePut     RTX_CM4.lib(rt_cmsis.o)
    0x08004cee   0x00000002   PAD
    0x08004cf0   0x00000056   Code   RO         4667    i.isr_mbx_receive   RTX_CM4.lib(rt_mailbox.o)
    0x08004d46   0x0000000e   Code   RO         4668    i.isr_mbx_send      RTX_CM4.lib(rt_mailbox.o)
    0x08004d54   0x00000090   Code   RO            5    i.main              main.o
    0x08004de4   0x0000002a   Code   RO          181    i.milDelay          gui_utility.o
    0x08004e0e   0x00000002   PAD
    0x08004e10   0x00000024   Code   RO         3693    i.osKernelInitialize  RTX_CM4.lib(rt_cmsis.o)
    0x08004e34   0x0000006c   Code   RO         3695    i.osKernelStart     RTX_CM4.lib(rt_cmsis.o)
    0x08004ea0   0x00000018   Code   RO         3704    i.osMessageGet      RTX_CM4.lib(rt_cmsis.o)
    0x08004eb8   0x0000002c   Code   RO         3721    i.osThreadCreate    RTX_CM4.lib(rt_cmsis.o)
    0x08004ee4   0x00000018   Code   RO         3722    i.osThreadExit      RTX_CM4.lib(rt_cmsis.o)
    0x08004efc   0x0000000c   Code   RO         3728    i.osTimerCall       RTX_CM4.lib(rt_cmsis.o)
    0x08004f08   0x0000002c   Code   RO         3733    i.osTimerThread     RTX_CM4.lib(rt_cmsis.o)
    0x08004f34   0x00000022   Code   RO         1056    i.os_error          rtx_conf_cm.o
    0x08004f56   0x00000004   Code   RO         1057    i.os_idle_demon     rtx_conf_cm.o
    0x08004f5a   0x00000002   PAD
    0x08004f5c   0x00000028   Code   RO         4459    i.os_tick_init      RTX_CM4.lib(rt_system.o)
    0x08004f84   0x00000002   Code   RO         4460    i.os_tick_irqack    RTX_CM4.lib(rt_system.o)
    0x08004f86   0x00000002   PAD
    0x08004f88   0x00000060   Code   RO          182    i.readData          gui_utility.o
    0x08004fe8   0x0000001a   Code   RO         4780    i.rt_alloc_box      RTX_CM4.lib(rt_membox.o)
    0x08005002   0x0000003e   Code   RO         4808    i.rt_alloc_mem      RTX_CM4.lib(rt_memory.o)
    0x08005040   0x00000038   Code   RO         4307    i.rt_block          RTX_CM4.lib(rt_task.o)
    0x08005078   0x00000048   Code   RO         4757    i.rt_chk_robin      RTX_CM4.lib(rt_robin.o)
    0x080050c0   0x00000070   Code   RO         4591    i.rt_dec_dly        RTX_CM4.lib(rt_list.o)
    0x08005130   0x00000044   Code   RO         4308    i.rt_dispatch       RTX_CM4.lib(rt_task.o)
    0x08005174   0x00000050   Code   RO         4552    i.rt_evt_psh        RTX_CM4.lib(rt_event.o)
    0x080051c4   0x0000002c   Code   RO         4781    i.rt_free_box       RTX_CM4.lib(rt_membox.o)
    0x080051f0   0x00000028   Code   RO         4809    i.rt_free_mem       RTX_CM4.lib(rt_memory.o)
    0x08005218   0x00000028   Code   RO         4592    i.rt_get_first      RTX_CM4.lib(rt_list.o)
    0x08005240   0x00000008   Code   RO         3738    i.rt_id2obj         RTX_CM4.lib(rt_cmsis.o)
    0x08005248   0x00000048   Code   RO         4309    i.rt_init_context   RTX_CM4.lib(rt_task.o)
    0x08005290   0x0000001a   Code   RO         4810    i.rt_init_mem       RTX_CM4.lib(rt_memory.o)
    0x080052aa   0x00000002   PAD
    0x080052ac   0x00000018   Code   RO         4758    i.rt_init_robin     RTX_CM4.lib(rt_robin.o)
    0x080052c4   0x00000080   Code   RO         4835    i.rt_init_stack     RTX_CM4.lib(hal_cm.o)
    0x08005344   0x00000008   Code   RO         4669    i.rt_mbx_check      RTX_CM4.lib(rt_mailbox.o)
    0x0800534c   0x0000001a   Code   RO         4670    i.rt_mbx_init       RTX_CM4.lib(rt_mailbox.o)
    0x08005366   0x00000002   PAD
    0x08005368   0x000000f0   Code   RO         4671    i.rt_mbx_psh        RTX_CM4.lib(rt_mailbox.o)
    0x08005458   0x000000b4   Code   RO         4673    i.rt_mbx_wait       RTX_CM4.lib(rt_mailbox.o)
    0x0800550c   0x00000044   Code   RO         3739    i.rt_ms2tick        RTX_CM4.lib(rt_cmsis.o)
    0x08005550   0x000000d8   Code   RO         4426    i.rt_mut_release    RTX_CM4.lib(rt_mutex.o)
    0x08005628   0x00000078   Code   RO         4427    i.rt_mut_wait       RTX_CM4.lib(rt_mutex.o)
    0x080056a0   0x0000007c   Code   RO         4463    i.rt_pop_req        RTX_CM4.lib(rt_system.o)
    0x0800571c   0x00000020   Code   RO         4464    i.rt_psh_req        RTX_CM4.lib(rt_system.o)
    0x0800573c   0x0000005c   Code   RO         4594    i.rt_psq_enq        RTX_CM4.lib(rt_list.o)
    0x08005798   0x00000048   Code   RO         4595    i.rt_put_dly        RTX_CM4.lib(rt_list.o)
    0x080057e0   0x00000036   Code   RO         4596    i.rt_put_prio       RTX_CM4.lib(rt_list.o)
    0x08005816   0x00000002   PAD
    0x08005818   0x00000014   Code   RO         4597    i.rt_put_rdy_first  RTX_CM4.lib(rt_list.o)
    0x0800582c   0x00000034   Code   RO         4598    i.rt_resort_prio    RTX_CM4.lib(rt_list.o)
    0x08005860   0x00000010   Code   RO         4836    i.rt_ret_regs       RTX_CM4.lib(hal_cm.o)
    0x08005870   0x0000000c   Code   RO         4837    i.rt_ret_val        RTX_CM4.lib(hal_cm.o)
    0x0800587c   0x00000010   Code   RO         4838    i.rt_ret_val2       RTX_CM4.lib(hal_cm.o)
    0x0800588c   0x00000028   Code   RO         4599    i.rt_rmv_dly        RTX_CM4.lib(rt_list.o)
    0x080058b4   0x00000030   Code   RO         4600    i.rt_rmv_list       RTX_CM4.lib(rt_list.o)
    0x080058e4   0x00000034   Code   RO         4718    i.rt_sem_psh        RTX_CM4.lib(rt_semaphore.o)
    0x08005918   0x00000024   Code   RO         4466    i.rt_stk_check      RTX_CM4.lib(rt_system.o)
    0x0800593c   0x00000028   Code   RO         4310    i.rt_switch_req     RTX_CM4.lib(rt_task.o)
    0x08005964   0x000000cc   Code   RO         4311    i.rt_sys_init       RTX_CM4.lib(rt_task.o)
    0x08005a30   0x00000078   Code   RO         4312    i.rt_sys_start      RTX_CM4.lib(rt_task.o)
    0x08005aa8   0x00000040   Code   RO         4468    i.rt_systick        RTX_CM4.lib(rt_system.o)
    0x08005ae8   0x00000012   Code   RO         3740    i.rt_tid2ptcb       RTX_CM4.lib(rt_cmsis.o)
    0x08005afa   0x00000002   PAD
    0x08005afc   0x00000034   Code   RO         3741    i.rt_timer_insert   RTX_CM4.lib(rt_cmsis.o)
    0x08005b30   0x00000088   Code   RO         4313    i.rt_tsk_create     RTX_CM4.lib(rt_task.o)
    0x08005bb8   0x0000017c   Code   RO         4314    i.rt_tsk_delete     RTX_CM4.lib(rt_task.o)
    0x08005d34   0x0000007c   Code   RO         4316    i.rt_tsk_prio       RTX_CM4.lib(rt_task.o)
    0x08005db0   0x00000010   Code   RO         4317    i.rt_tsk_self       RTX_CM4.lib(rt_task.o)
    0x08005dc0   0x00000070   Code   RO         3744    i.svcKernelInitialize  RTX_CM4.lib(rt_cmsis.o)
    0x08005e30   0x00000048   Code   RO         3746    i.svcKernelStart    RTX_CM4.lib(rt_cmsis.o)
    0x08005e78   0x00000024   Code   RO         3749    i.svcMessageCreate  RTX_CM4.lib(rt_cmsis.o)
    0x08005e9c   0x0000003a   Code   RO         3750    i.svcMessageGet     RTX_CM4.lib(rt_cmsis.o)
    0x08005ed6   0x00000002   PAD
    0x08005ed8   0x0000006c   Code   RO         3764    i.svcThreadCreate   RTX_CM4.lib(rt_cmsis.o)
    0x08005f44   0x0000001c   Code   RO         3765    i.svcThreadGetId    RTX_CM4.lib(rt_cmsis.o)
    0x08005f60   0x00000038   Code   RO         3768    i.svcThreadTerminate  RTX_CM4.lib(rt_cmsis.o)
    0x08005f98   0x00000018   Code   RO         3770    i.svcTimerCall      RTX_CM4.lib(rt_cmsis.o)
    0x08005fb0   0x0000005c   Code   RO         3779    i.sysTimerTick      RTX_CM4.lib(rt_cmsis.o)
    0x0800600c   0x00000014   Code   RO          184    i.turnOnWheel       gui_utility.o
    0x08006020   0x0000000e   Code   RO          185    i.wait              gui_utility.o
    0x0800602e   0x0000000a   Code   RO         5077    x$fpl$fpinit        fz_wm.l(fpinit.o)
    0x08006038   0x00000048   Data   RO          187    .constdata          gui_utility.o
    0x08006080   0x000018a0   Data   RO         1006    .constdata          glcd_fonts.o
    0x08007920   0x00000068   Data   RO         1059    .constdata          rtx_conf_cm.o
    0x08007988   0x00000008   Data   RO         1740    .constdata          stm32f7xx_hal_dma.o
    0x08007990   0x00000018   Data   RO         3653    .constdata          system_stm32f7xx.o
    0x080079a8   0x00000085   Data   RO          188    .conststring        gui_utility.o
    0x08007a2d   0x00000003   PAD
    0x08007a30   0x00000020   Data   RO         5111    Region$$Table       anon$$obj.o


    Execution Region ER_RW (Base: 0x20010000, Size: 0x00000358, Max: 0xffffffff, ABSOLUTE, COMPRESSED[0x00000154])

    Base Addr    Size         Type   Attr      Idx    E Section Name        Object

    0x20010000   0x000002c6   Data   RW          189    .data               gui_utility.o
    0x200102c6   0x00000002   PAD
    0x200102c8   0x0000002e   Data   RW          406    .data               ft5336.o
    0x200102f6   0x00000002   Data   RW          731    .data               stm32746g_discovery_sdram.o
    0x200102f8   0x0000000a   Data   RW          814    .data               stm32746g_discovery_ts.o
    0x20010302   0x00000002   PAD
    0x20010304   0x00000008   Data   RW          904    .data               glcd_746g_discovery.o
    0x2001030c   0x00000014   Data   RW         1060    .data               rtx_conf_cm.o
    0x20010320   0x00000009   Data   RW         1144    .data               stm32f7xx_hal.o
    0x20010329   0x00000003   PAD
    0x2001032c   0x00000004   Data   RW         3654    .data               system_stm32f7xx.o
    0x20010330   0x00000008   Data   RW         3782    .data               RTX_CM4.lib(rt_cmsis.o)
    0x20010338   0x00000008   Data   RW         4319    .data               RTX_CM4.lib(rt_task.o)
    0x20010340   0x00000004   Data   RW         4395    .data               RTX_CM4.lib(rt_time.o)
    0x20010344   0x00000008   Data   RW         4471    .data               RTX_CM4.lib(rt_system.o)
    0x2001034c   0x00000008   Data   RW         4759    .data               RTX_CM4.lib(rt_robin.o)
    0x20010354   0x00000001   Data   RW         4839    .data               RTX_CM4.lib(hal_cm.o)


    Execution Region ER_ZI (Base: 0x20010358, Size: 0x000025c8, Max: 0xffffffff, ABSOLUTE)

    Base Addr    Size         Type   Attr      Idx    E Section Name        Object

    0x20010358   0x00000048   Zero   RW          186    .bss                gui_utility.o
    0x200103a0   0x00000098   Zero   RW          530    .bss                stm32746g_discovery.o
    0x20010438   0x00000120   Zero   RW          730    .bss                stm32746g_discovery_sdram.o
    0x20010558   0x00000028   Zero   RW          813    .bss                stm32746g_discovery_ts.o
    0x20010580   0x000000a8   Zero   RW          903    .bss                glcd_746g_discovery.o
    0x20010628   0x00001c30   Zero   RW         1058    .bss                rtx_conf_cm.o
    0x20012258   0x00000034   Zero   RW         4318    .bss                RTX_CM4.lib(rt_task.o)
    0x2001228c   0x00000030   Zero   RW         4601    .bss                RTX_CM4.lib(rt_list.o)
    0x200122bc   0x00000060   Zero   RW         4901    .bss                c_w.l(libspace.o)
    0x2001231c   0x00000004   PAD
    0x20012320   0x00000200   Zero   RW         3642    HEAP                startup_stm32f746xx.o
    0x20012520   0x00000400   Zero   RW         3641    STACK               startup_stm32f746xx.o



  Load Region LR$$.ARM.__AT_0xC0000000 (Base: 0xc0000000, Size: 0x00000000, Max: 0x0003fc00, ABSOLUTE)

    Execution Region ER$$.ARM.__AT_0xC0000000 (Base: 0xc0000000, Size: 0x0003fc00, Max: 0x0003fc00, ABSOLUTE, UNINIT)

    Base Addr    Size         Type   Attr      Idx    E Section Name        Object

    0xc0000000   0x0003fc00   Zero   RW          902    .ARM.__AT_0xC0000000  glcd_746g_discovery.o


==============================================================================

Image component sizes


      Code (inc. data)   RO Data    RW Data    ZI Data      Debug   Object Name

        76          8          0          0          0        537   dwt_stm32_delay.o
       900         52          0         46          0      17895   ft5336.o
       984         98          0          8     261288       7998   glcd_746g_discovery.o
         0          0       6304          0          0        792   glcd_fonts.o
      3118        398        205        710         72      22997   gui_utility.o
       288         30          0          0          0     821157   main.o
       126         26        104         20       7216       9339   rtx_conf_cm.o
        64         26        456          0       1536        868   startup_stm32f746xx.o
       676         48          0          0        152       8368   stm32746g_discovery.o
       748         66          0          2        288       4752   stm32746g_discovery_sdram.o
       768         62          0         10         40       5874   stm32746g_discovery_ts.o
       166         20          0          9          0       3671   stm32f7xx_hal.o
      1170         58          0          0          0       4968   stm32f7xx_hal_adc.o
       304         22          0          0          0      39767   stm32f7xx_hal_cortex.o
       568         10          8          0          0       3772   stm32f7xx_hal_dma.o
       564         52          0          0          0       3299   stm32f7xx_hal_gpio.o
      1934         34          0          0          0      14608   stm32f7xx_hal_i2c.o
       922          6          0          0          0       3654   stm32f7xx_hal_ltdc.o
      1792         50          0          0          0       4598   stm32f7xx_hal_rcc.o
      1760         18          0          0          0       2320   stm32f7xx_hal_rcc_ex.o
       164          0          0          0          0       3532   stm32f7xx_hal_sdram.o
       324          4          0          0          0       3628   stm32f7xx_ll_fmc.o
       100         18         24          4          0       1363   system_stm32f7xx.o
        88          0          0          0          0       2100   touch_746g_discovery.o

    ----------------------------------------------------------------------
     17622       1106       7136        816     270592     991857   Object Totals
         0          0         32          0          0          0   (incl. Generated)
        18          0          3          7          0          0   (incl. Padding)

    ----------------------------------------------------------------------

      Code (inc. data)   RO Data    RW Data    ZI Data      Debug   Library Member Name

       268         24          0          1          0       4524   hal_cm.o
       408         34          0          0          0        824   hal_cm4.o
      1110        138          0          8          0      34453   rt_cmsis.o
        80          4          0          0          0        709   rt_event.o
       530         34          0          0         48       8685   rt_list.o
       554         10          0          0          0       4237   rt_mailbox.o
       140          0          0          0          0       2069   rt_membox.o
       128          0          0          0          0       2451   rt_memory.o
       336         14          0          0          0       1739   rt_mutex.o
        96         22          0          8          0       1254   rt_robin.o
        52          4          0          0          0        621   rt_semaphore.o
       298         52          0          8          0       6511   rt_system.o
      1216        174          0          8         52      10129   rt_task.o
         0          0          0          4          0        214   rt_time.o
         4          4          0          0          0        208   svc_table.o
        90          0          0          0          0          0   __dczerorl2.o
         8          0          0          0          0         68   __main.o
       104          0          0          0          0         84   __printf.o
         0          0          0          0          0          0   __rtentry.o
        20          0          0          0          0          0   __rtentry2.o
         6          0          0          0          0          0   __rtentry4.o
        52          8          0          0          0          0   __scatter.o
        28          0          0          0          0          0   __scatter_zi.o
        48          6          0          0          0         96   _printf_char_common.o
         6          0          0          0          0          0   _printf_d.o
       120         16          0          0          0         92   _printf_dec.o
       178          0          0          0          0         88   _printf_intcommon.o
         0          0          0          0          0          0   _printf_percent.o
         4          0          0          0          0          0   _printf_percent_end.o
        10          0          0          0          0         68   _sputc.o
        18          0          0          0          0         80   exit.o
         6          0          0          0          0        152   heapauxi.o
         0          0          0          0          0          0   indicate_semi.o
         2          0          0          0          0          0   libinit.o
         6          0          0          0          0          0   libinit2.o
         2          0          0          0          0          0   libshutdown.o
         2          0          0          0          0          0   libshutdown2.o
         8          4          0          0         96         68   libspace.o
       238          0          0          0          0        100   lludivv7m.o
        40          6          0          0          0         84   noretval__2sprintf.o
       100          0          0          0          0         80   rt_memcpy_w.o
         2          0          0          0          0          0   rtexit.o
        10          0          0          0          0          0   rtexit2.o
       104          0          0          0          0         68   strcmpv7m_pel.o
        12          4          0          0          0         68   sys_exit.o
        74          0          0          0          0         80   sys_stackheap_outer.o
         2          0          0          0          0         68   use_no_semi.o
        10          0          0          0          0        116   fpinit.o

    ----------------------------------------------------------------------
      6554        558          0         40        200      80088   Library Totals
        24          0          0          3          4          0   (incl. Padding)

    ----------------------------------------------------------------------

      Code (inc. data)   RO Data    RW Data    ZI Data      Debug   Library Name

      5220        514          0         37        100      78628   RTX_CM4.lib
      1300         44          0          0         96       1344   c_w.l
        10          0          0          0          0        116   fz_wm.l

    ----------------------------------------------------------------------
      6554        558          0         40        200      80088   Library Totals

    ----------------------------------------------------------------------

==============================================================================


      Code (inc. data)   RO Data    RW Data    ZI Data      Debug   

     24176       1664       7136        856     270792    1052021   Grand Totals
     24176       1664       7136        340     270792    1052021   ELF Image Totals (compressed)
     24176       1664       7136        340          0          0   ROM Totals

==============================================================================

    Total RO  Size (Code + RO Data)                31312 (  30.58kB)
    Total RW  Size (RW Data + ZI Data)            271648 ( 265.28kB)
    Total ROM Size (Code + RO Data + RW Data)      31652 (  30.91kB)

==============================================================================

